******************************************************************************
                  TI ARM Linker PC v16.9.0                     
******************************************************************************
>> Linked Wed Dec 08 20:03:34 2021

OUTPUT FILE NAME:   <Lab_09_rx_pratik.out>
ENTRY POINT SYMBOL: "_c_int00"  address: 00000e99


MEMORY CONFIGURATION

         name            origin    length      used     unused   attr    fill
----------------------  --------  ---------  --------  --------  ----  --------
  FLASH                 00000000   00040000  0000155e  0003eaa2  R  X
  SRAM                  20000000   00008000  0000023c  00007dc4  RW X


SEGMENT ALLOCATION MAP

run origin  load origin   length   init length attrs members
----------  ----------- ---------- ----------- ----- -------
00000000    00000000    00001560   00001560    r-x
  00000000    00000000    0000026c   0000026c    r-- .intvecs
  0000026c    0000026c    00001182   00001182    r-x .text
  000013f0    000013f0    00000128   00000128    r-- .const
  00001518    00001518    00000048   00000048    r-- .cinit
20000000    20000000    0000023c   00000000    rw-
  20000000    20000000    00000200   00000000    rw- .stack
  20000200    20000200    00000034   00000000    rw- .data
  20000234    20000234    00000008   00000000    rw- .bss


SECTION ALLOCATION MAP

 output                                  attributes/
section   page    origin      length       input sections
--------  ----  ----------  ----------   ----------------
.intvecs   0    00000000    0000026c     
                  00000000    0000026c     startup_ccs.obj (.intvecs)

.text      0    0000026c    00001182     
                  0000026c    000001ea     uartstdio.obj (.text:UARTvprintf)
                  00000456    00000002     startup_ccs.obj (.text:FaultISR)
                  00000458    0000013c     ST7735.obj (.text:commonInit)
                  00000594    00000132     driverlib.lib : gpio.obj (.text:GPIOPadConfigSet)
                  000006c6    00000002     startup_ccs.obj (.text:IntDefaultHandler)
                  000006c8    000000f8     main.obj (.text:ConfigureUART)
                  000007c0    000000f4     driverlib.lib : sysctl.obj (.text:SysCtlClockSet)
                  000008b4    0000009c     rtsv7M4_T_le_v4SPD16_eabi.lib : memcpy_t2.obj (.text)
                  00000950    0000008c     main.obj (.text:initialiseADC)
                  000009dc    00000080     ST7735.obj (.text:ST7735_FillRect)
                  00000a5c    0000007c     ST7735.obj (.text:ST7735_InitR)
                  00000ad8    0000007a     driverlib.lib : adc.obj (.text:ADCSequenceStepConfigure)
                  00000b52    0000007a     rtsv7M4_T_le_v4SPD16_eabi.lib : memset_t2.obj (.text)
                  00000bcc    00000074     ST7735.obj (.text:setAddrWindow)
                  00000c40    00000070     rtsv7M4_T_le_v4SPD16_eabi.lib : autoinit.obj (.text)
                  00000cb0    00000068     PLL.obj (.text:PLL_Init)
                  00000d18    00000068     rtsv7M4_T_le_v4SPD16_eabi.lib : copy_decompress_lzss.obj (.text:decompress:lzss)
                  00000d80    00000064     main.obj (.text:initialiaseSys)
                  00000de4    00000060     uartstdio.obj (.text:UARTStdioConfig)
                  00000e44    00000054     ST7735.obj (.text:commandList)
                  00000e98    00000054     rtsv7M4_T_le_v4SPD16_eabi.lib : boot.obj (.text)
                  00000eec    00000054                                   : exit.obj (.text)
                  00000f40    00000050     driverlib.lib : adc.obj (.text:ADCSequenceConfigure)
                  00000f90    0000004c     rtsv7M4_T_le_v4SPD16_eabi.lib : cpy_tbl.obj (.text)
                  00000fdc    00000048     driverlib.lib : gpio.obj (.text:GPIOPinConfigure)
                  00001024    00000048     uartstdio.obj (.text:UARTwrite)
                  0000106c    00000046     driverlib.lib : uart.obj (.text:UARTConfigSetExpClk)
                  000010b2    00000040     rtsv7M4_T_le_v4SPD16_eabi.lib : u_divt2.obj (.text)
                  000010f2    00000002     startup_ccs.obj (.text:NmiSR)
                  000010f4    00000038     driverlib.lib : sysctl.obj (.text:SysCtlPeripheralReady)
                  0000112c    00000038     main.obj (.text:UART5Handler)
                  00001164    00000034     driverlib.lib : sysctl.obj (.text:SysCtlPeripheralEnable)
                  00001198    00000030     main.obj (.text:initialisePortsAndGpios)
                  000011c8    0000002a     driverlib.lib : gpio.obj (.text:GPIODirModeSet)
                  000011f2    00000002     rtsv7M4_T_le_v4SPD16_eabi.lib : i_div0.obj (.text)
                  000011f4    0000002a     main.obj (.text:main)
                  0000121e    00000002     rtsv7M4_T_le_v4SPD16_eabi.lib : mpu_init.obj (.text)
                  00001220    00000024     ST7735.obj (.text:ST7735_FillScreen)
                  00001244    00000024     ST7735.obj (.text:writecommand)
                  00001268    00000022     ST7735.obj (.text:Delay1ms)
                  0000128a    00000002     rtsv7M4_T_le_v4SPD16_eabi.lib : startup.obj (.text)
                  0000128c    00000020     driverlib.lib : uart.obj (.text:UARTDisable)
                  000012ac    0000001c     ST7735.obj (.text:ST7735_SetCursor)
                  000012c8    0000001c     ST7735.obj (.text:writedata)
                  000012e4    0000001a     uartstdio.obj (.text:UARTprintf)
                  000012fe    00000002     --HOLE-- [fill = 0]
                  00001300    00000018     rtsv7M4_T_le_v4SPD16_eabi.lib : args_main.obj (.text)
                  00001318    00000014     driverlib.lib : uart.obj (.text:UARTEnable)
                  0000132c    00000014     rtsv7M4_T_le_v4SPD16_eabi.lib : _lock.obj (.text)
                  00001340    00000012     driverlib.lib : gpio.obj (.text:GPIOPinTypeADC)
                  00001352    00000012                   : gpio.obj (.text:GPIOPinTypeUART)
                  00001364    0000000e                   : adc.obj (.text:ADCSequenceDisable)
                  00001372    0000000e                   : adc.obj (.text:ADCSequenceEnable)
                  00001380    0000000e                   : uart.obj (.text:UARTCharGetNonBlocking)
                  0000138e    0000000e                   : uart.obj (.text:UARTCharsAvail)
                  0000139c    0000000e     rtsv7M4_T_le_v4SPD16_eabi.lib : copy_decompress_none.obj (.text:decompress:none)
                  000013aa    0000000c     driverlib.lib : adc.obj (.text:ADCReferenceSet)
                  000013b6    0000000c     rtsv7M4_T_le_v4SPD16_eabi.lib : copy_zero_init.obj (.text:decompress:ZI)
                  000013c2    0000000a     driverlib.lib : uart.obj (.text:UARTFIFOEnable)
                  000013cc    00000008                   : uart.obj (.text:UARTIntEnable)
                  000013d4    00000006     startup_ccs.obj (.text:ResetISR)
                  000013da    00000006     driverlib.lib : sysctl.obj (.text:SysCtlDelay)
                  000013e0    00000006                   : uart.obj (.text:UARTClockSourceSet)
                  000013e6    00000004                   : uart.obj (.text:UARTIntClear)
                  000013ea    00000004     rtsv7M4_T_le_v4SPD16_eabi.lib : pre_init.obj (.text)

.const     0    000013f0    00000128     
                  000013f0    00000090     driverlib.lib : gpio.obj (.const:g_pui32GPIOBaseAddrs)
                  00001480    0000003b     ST7735.obj (.const:.string:Rcmd1)
                  000014bb    0000002b     ST7735.obj (.const:.string:Rcmd3)
                  000014e6    0000000d     ST7735.obj (.const:.string:Rcmd2green)
                  000014f3    0000000d     ST7735.obj (.const:.string:Rcmd2red)
                  00001500    0000000c     uartstdio.obj (.const:g_ui32UARTBase)
                  0000150c    0000000c     uartstdio.obj (.const:g_ui32UARTPeriph)

.cinit     0    00001518    00000048     
                  00001518    0000001e     (.cinit..data.load) [load image, compression = lzss]
                  00001536    00000002     --HOLE-- [fill = 0]
                  00001538    0000000c     (__TI_handler_table)
                  00001544    00000004     --HOLE-- [fill = 0]
                  00001548    00000008     (.cinit..bss.load) [load image, compression = zero_init]
                  00001550    00000010     (__TI_cinit_table)

.init_array 
*          0    00000000    00000000     UNINITIALIZED

.stack     0    20000000    00000200     UNINITIALIZED
                  20000000    00000200     --HOLE--

.data      0    20000200    00000034     UNINITIALIZED
                  20000200    00000014     ST7735.obj (.data)
                  20000214    0000000c     rtsv7M4_T_le_v4SPD16_eabi.lib : exit.obj (.data:$O1$$)
                  20000220    00000008                                   : _lock.obj (.data:$O1$$)
                  20000228    00000005     uartstdio.obj (.data)
                  2000022d    00000003     --HOLE--
                  20000230    00000004     rtsv7M4_T_le_v4SPD16_eabi.lib : stkdepth_vars.obj (.data)

.bss       0    20000234    00000008     UNINITIALIZED
                  20000234    00000004     ST7735.obj (.bss)
                  20000238    00000004     (.common:yCoor)

MODULE SUMMARY

       Module                     code   ro data   rw data
       ------                     ----   -------   -------
    .\
       ST7735.obj                 930    128       24     
       main.obj                   634    0         4      
       startup_ccs.obj            12     620       0      
       PLL.obj                    104    0         0      
    +--+--------------------------+------+---------+---------+
       Total:                     1680   748       28     
                                                          
    .\utils\
       uartstdio.obj              684    24        5      
    +--+--------------------------+------+---------+---------+
       Total:                     684    24        5      
                                                          
    C:/ti/tivaware_c_series_2_1_4_178/driverlib/ccs/Debug/driverlib.lib
       gpio.obj                   456    144       0      
       sysctl.obj                 358    0         0      
       adc.obj                    242    0         0      
       uart.obj                   178    0         0      
    +--+--------------------------+------+---------+---------+
       Total:                     1234   144       0      
                                                          
    C:\ti\ccs1040\ccs\tools\compiler\ti-cgt-arm_16.9.0.LTS\lib\rtsv7M4_T_le_v4SPD16_eabi.lib
       memcpy_t2.obj              156    0         0      
       memset_t2.obj              122    0         0      
       autoinit.obj               112    0         0      
       copy_decompress_lzss.obj   104    0         0      
       exit.obj                   84     0         12     
       boot.obj                   84     0         0      
       cpy_tbl.obj                76     0         0      
       u_divt2.obj                64     0         0      
       _lock.obj                  20     0         8      
       args_main.obj              24     0         0      
       copy_decompress_none.obj   14     0         0      
       copy_zero_init.obj         12     0         0      
       pre_init.obj               4      0         0      
       stkdepth_vars.obj          0      0         4      
       i_div0.obj                 2      0         0      
       mpu_init.obj               2      0         0      
       startup.obj                2      0         0      
    +--+--------------------------+------+---------+---------+
       Total:                     882    0         24     
                                                          
       Stack:                     0      0         512    
       Linker Generated:          0      66        0      
    +--+--------------------------+------+---------+---------+
       Grand Total:               4480   982       569    


LINKER GENERATED COPY TABLES

__TI_cinit_table @ 00001550 records: 2, size/record: 8, table size: 16
	.data: load addr=00001518, load size=0000001e bytes, run addr=20000200, run size=00000034 bytes, compression=lzss
	.bss: load addr=00001548, load size=00000008 bytes, run addr=20000234, run size=00000008 bytes, compression=zero_init


LINKER GENERATED HANDLER TABLE

__TI_handler_table @ 00001538 records: 3, size/record: 4, table size: 12
	index: 0, handler: __TI_decompress_lzss
	index: 1, handler: __TI_decompress_none
	index: 2, handler: __TI_zero_init


GLOBAL SYMBOLS: SORTED ALPHABETICALLY BY Name 

address   name                           
-------   ----                           
000013ab  ADCReferenceSet                
00000f41  ADCSequenceConfigure           
00001365  ADCSequenceDisable             
00001373  ADCSequenceEnable              
00000ad9  ADCSequenceStepConfigure       
00000eed  C$$EXIT                        
000006c9  ConfigureUART                  
00001269  Delay1ms                       
000011c9  GPIODirModeSet                 
00000595  GPIOPadConfigSet               
00000fdd  GPIOPinConfigure               
00001341  GPIOPinTypeADC                 
00001353  GPIOPinTypeUART                
00000cb1  PLL_Init                       
000013d5  ResetISR                       
UNDEFED   SHT$$INIT_ARRAY$$Base          
UNDEFED   SHT$$INIT_ARRAY$$Limit         
000009dd  ST7735_FillRect                
00001221  ST7735_FillScreen              
00000a5d  ST7735_InitR                   
000012ad  ST7735_SetCursor               
20000208  StTextColor                    
20000200  StX                            
20000204  StY                            
000007c1  SysCtlClockSet                 
000013db  SysCtlDelay                    
00001165  SysCtlPeripheralEnable         
000010f5  SysCtlPeripheralReady          
0000112d  UART5Handler                   
00001381  UARTCharGetNonBlocking         
0000138f  UARTCharsAvail                 
000013e1  UARTClockSourceSet             
0000106d  UARTConfigSetExpClk            
0000128d  UARTDisable                    
00001319  UARTEnable                     
000013c3  UARTFIFOEnable                 
000013e7  UARTIntClear                   
000013cd  UARTIntEnable                  
00000de5  UARTStdioConfig                
000012e5  UARTprintf                     
0000026d  UARTvprintf                    
00001025  UARTwrite                      
20000200  __STACK_END                    
00000200  __STACK_SIZE                   
20000200  __STACK_TOP                    
00001550  __TI_CINIT_Base                
00001560  __TI_CINIT_Limit               
00001538  __TI_Handler_Table_Base        
00001544  __TI_Handler_Table_Limit       
00000c41  __TI_auto_init                 
20000214  __TI_cleanup_ptr               
00000d19  __TI_decompress_lzss           
0000139d  __TI_decompress_none           
20000218  __TI_dtors_ptr                 
2000021c  __TI_enable_exit_profile_output
ffffffff  __TI_pprof_out_hndl            
ffffffff  __TI_prof_data_size            
ffffffff  __TI_prof_data_start           
00000000  __TI_static_base__             
000013b7  __TI_zero_init                 
000011f3  __aeabi_idiv0                  
00000b53  __aeabi_memclr                 
00000b53  __aeabi_memclr4                
00000b53  __aeabi_memclr8                
000008b5  __aeabi_memcpy                 
000008b5  __aeabi_memcpy4                
000008b5  __aeabi_memcpy8                
00000b55  __aeabi_memset                 
00000b55  __aeabi_memset4                
00000b55  __aeabi_memset8                
000010b3  __aeabi_uidiv                  
000010b3  __aeabi_uidivmod               
ffffffff  __binit__                      
ffffffff  __c_args__                     
0000121f  __mpu_init                     
20000000  __stack                        
00001301  _args_main                     
00000e99  _c_int00                       
20000220  _lock                          
0000133b  _nop                           
00001333  _register_lock                 
0000132d  _register_unlock               
0000128b  _system_post_cinit             
000013eb  _system_pre_init               
20000224  _unlock                        
00000ef1  abort                          
ffffffff  binit                          
00000f91  copy_in                        
00000ef9  exit                           
00000000  g_pfnVectors                   
00000d81  initialiaseSys                 
00000951  initialiseADC                  
00001199  initialisePortsAndGpios        
20000210  lastj                          
000011f5  main                           
20000230  main_func_sp                   
000008b5  memcpy                         
00000b5b  memset                         
20000238  yCoor                          


GLOBAL SYMBOLS: SORTED BY Symbol Address 

address   name                           
-------   ----                           
00000000  __TI_static_base__             
00000000  g_pfnVectors                   
00000200  __STACK_SIZE                   
0000026d  UARTvprintf                    
00000595  GPIOPadConfigSet               
000006c9  ConfigureUART                  
000007c1  SysCtlClockSet                 
000008b5  __aeabi_memcpy                 
000008b5  __aeabi_memcpy4                
000008b5  __aeabi_memcpy8                
000008b5  memcpy                         
00000951  initialiseADC                  
000009dd  ST7735_FillRect                
00000a5d  ST7735_InitR                   
00000ad9  ADCSequenceStepConfigure       
00000b53  __aeabi_memclr                 
00000b53  __aeabi_memclr4                
00000b53  __aeabi_memclr8                
00000b55  __aeabi_memset                 
00000b55  __aeabi_memset4                
00000b55  __aeabi_memset8                
00000b5b  memset                         
00000c41  __TI_auto_init                 
00000cb1  PLL_Init                       
00000d19  __TI_decompress_lzss           
00000d81  initialiaseSys                 
00000de5  UARTStdioConfig                
00000e99  _c_int00                       
00000eed  C$$EXIT                        
00000ef1  abort                          
00000ef9  exit                           
00000f41  ADCSequenceConfigure           
00000f91  copy_in                        
00000fdd  GPIOPinConfigure               
00001025  UARTwrite                      
0000106d  UARTConfigSetExpClk            
000010b3  __aeabi_uidiv                  
000010b3  __aeabi_uidivmod               
000010f5  SysCtlPeripheralReady          
0000112d  UART5Handler                   
00001165  SysCtlPeripheralEnable         
00001199  initialisePortsAndGpios        
000011c9  GPIODirModeSet                 
000011f3  __aeabi_idiv0                  
000011f5  main                           
0000121f  __mpu_init                     
00001221  ST7735_FillScreen              
00001269  Delay1ms                       
0000128b  _system_post_cinit             
0000128d  UARTDisable                    
000012ad  ST7735_SetCursor               
000012e5  UARTprintf                     
00001301  _args_main                     
00001319  UARTEnable                     
0000132d  _register_unlock               
00001333  _register_lock                 
0000133b  _nop                           
00001341  GPIOPinTypeADC                 
00001353  GPIOPinTypeUART                
00001365  ADCSequenceDisable             
00001373  ADCSequenceEnable              
00001381  UARTCharGetNonBlocking         
0000138f  UARTCharsAvail                 
0000139d  __TI_decompress_none           
000013ab  ADCReferenceSet                
000013b7  __TI_zero_init                 
000013c3  UARTFIFOEnable                 
000013cd  UARTIntEnable                  
000013d5  ResetISR                       
000013db  SysCtlDelay                    
000013e1  UARTClockSourceSet             
000013e7  UARTIntClear                   
000013eb  _system_pre_init               
00001538  __TI_Handler_Table_Base        
00001544  __TI_Handler_Table_Limit       
00001550  __TI_CINIT_Base                
00001560  __TI_CINIT_Limit               
20000000  __stack                        
20000200  StX                            
20000200  __STACK_END                    
20000200  __STACK_TOP                    
20000204  StY                            
20000208  StTextColor                    
20000210  lastj                          
20000214  __TI_cleanup_ptr               
20000218  __TI_dtors_ptr                 
2000021c  __TI_enable_exit_profile_output
20000220  _lock                          
20000224  _unlock                        
20000230  main_func_sp                   
20000238  yCoor                          
ffffffff  __TI_pprof_out_hndl            
ffffffff  __TI_prof_data_size            
ffffffff  __TI_prof_data_start           
ffffffff  __binit__                      
ffffffff  __c_args__                     
ffffffff  binit                          
UNDEFED   SHT$$INIT_ARRAY$$Base          
UNDEFED   SHT$$INIT_ARRAY$$Limit         

[99 symbols]
