<?xml version="1.0" encoding="ISO-8859-1" ?>
<link_info>
   <banner>TI ARM Linker PC v20.2.5.LTS</banner>
   <copyright>Copyright (c) 1996-2018 Texas Instruments Incorporated</copyright>
   <link_time>0x61a44d65</link_time>
   <link_errors>0x0</link_errors>
   <output_file>TIVA_draw_borders.out</output_file>
   <entry_point>
      <name>_c_int00_noargs</name>
      <address>0x135d</address>
   </entry_point>
   <input_file_list>
      <input_file id="fl-2">
         <path>.\</path>
         <kind>object</kind>
         <file>PLL.obj</file>
         <name>PLL.obj</name>
      </input_file>
      <input_file id="fl-3">
         <path>.\</path>
         <kind>object</kind>
         <file>ST7735.obj</file>
         <name>ST7735.obj</name>
      </input_file>
      <input_file id="fl-4">
         <path>.\</path>
         <kind>object</kind>
         <file>main.obj</file>
         <name>main.obj</name>
      </input_file>
      <input_file id="fl-5">
         <path>.\</path>
         <kind>object</kind>
         <file>startup_ccs.obj</file>
         <name>startup_ccs.obj</name>
      </input_file>
      <input_file id="fl-6">
         <path>.\utils\</path>
         <kind>object</kind>
         <file>uartstdio.obj</file>
         <name>uartstdio.obj</name>
      </input_file>
      <input_file id="fl-b">
         <kind>object</kind>
         <file>&lt;internal&gt;</file>
         <name>&lt;internal&gt;</name>
      </input_file>
      <input_file id="fl-c1">
         <path>C:\ti\ccs1040\ccs\tools\compiler\ti-cgt-arm_20.2.5.LTS\lib\</path>
         <kind>archive</kind>
         <file>rtsv7M4_T_le_v4SPD16_eabi.lib</file>
         <name>u_divt2.asm.obj</name>
      </input_file>
      <input_file id="fl-c2">
         <path>C:\ti\ccs1040\ccs\tools\compiler\ti-cgt-arm_20.2.5.LTS\lib\</path>
         <kind>archive</kind>
         <file>rtsv7M4_T_le_v4SPD16_eabi.lib</file>
         <name>copy_zero_init.c.obj</name>
      </input_file>
      <input_file id="fl-c3">
         <path>C:\ti\ccs1040\ccs\tools\compiler\ti-cgt-arm_20.2.5.LTS\lib\</path>
         <kind>archive</kind>
         <file>rtsv7M4_T_le_v4SPD16_eabi.lib</file>
         <name>copy_decompress_none.c.obj</name>
      </input_file>
      <input_file id="fl-c4">
         <path>C:\ti\ccs1040\ccs\tools\compiler\ti-cgt-arm_20.2.5.LTS\lib\</path>
         <kind>archive</kind>
         <file>rtsv7M4_T_le_v4SPD16_eabi.lib</file>
         <name>copy_decompress_lzss.c.obj</name>
      </input_file>
      <input_file id="fl-c5">
         <path>C:\ti\ccs1040\ccs\tools\compiler\ti-cgt-arm_20.2.5.LTS\lib\</path>
         <kind>archive</kind>
         <file>rtsv7M4_T_le_v4SPD16_eabi.lib</file>
         <name>boot_cortex_m.c.obj</name>
      </input_file>
      <input_file id="fl-c6">
         <path>C:\ti\ccs1040\ccs\tools\compiler\ti-cgt-arm_20.2.5.LTS\lib\</path>
         <kind>archive</kind>
         <file>rtsv7M4_T_le_v4SPD16_eabi.lib</file>
         <name>div0.asm.obj</name>
      </input_file>
      <input_file id="fl-c7">
         <path>C:\ti\ccs1040\ccs\tools\compiler\ti-cgt-arm_20.2.5.LTS\lib\</path>
         <kind>archive</kind>
         <file>rtsv7M4_T_le_v4SPD16_eabi.lib</file>
         <name>memcpy_t2.asm.obj</name>
      </input_file>
      <input_file id="fl-c8">
         <path>C:\ti\ccs1040\ccs\tools\compiler\ti-cgt-arm_20.2.5.LTS\lib\</path>
         <kind>archive</kind>
         <file>rtsv7M4_T_le_v4SPD16_eabi.lib</file>
         <name>memset_t2.asm.obj</name>
      </input_file>
      <input_file id="fl-c9">
         <path>C:\ti\ccs1040\ccs\tools\compiler\ti-cgt-arm_20.2.5.LTS\lib\</path>
         <kind>archive</kind>
         <file>rtsv7M4_T_le_v4SPD16_eabi.lib</file>
         <name>autoinit.c.obj</name>
      </input_file>
      <input_file id="fl-ca">
         <path>C:\ti\ccs1040\ccs\tools\compiler\ti-cgt-arm_20.2.5.LTS\lib\</path>
         <kind>archive</kind>
         <file>rtsv7M4_T_le_v4SPD16_eabi.lib</file>
         <name>pre_init.c.obj</name>
      </input_file>
      <input_file id="fl-cb">
         <path>C:\ti\ccs1040\ccs\tools\compiler\ti-cgt-arm_20.2.5.LTS\lib\</path>
         <kind>archive</kind>
         <file>rtsv7M4_T_le_v4SPD16_eabi.lib</file>
         <name>cpy_tbl.c.obj</name>
      </input_file>
      <input_file id="fl-cc">
         <path>C:\ti\ccs1040\ccs\tools\compiler\ti-cgt-arm_20.2.5.LTS\lib\</path>
         <kind>archive</kind>
         <file>rtsv7M4_T_le_v4SPD16_eabi.lib</file>
         <name>exit.c.obj</name>
      </input_file>
      <input_file id="fl-cd">
         <path>C:\ti\ccs1040\ccs\tools\compiler\ti-cgt-arm_20.2.5.LTS\lib\</path>
         <kind>archive</kind>
         <file>rtsv7M4_T_le_v4SPD16_eabi.lib</file>
         <name>_lock.c.obj</name>
      </input_file>
      <input_file id="fl-ce">
         <path>C:\ti\ccs1040\ccs\tools\compiler\ti-cgt-arm_20.2.5.LTS\lib\</path>
         <kind>archive</kind>
         <file>rtsv7M4_T_le_v4SPD16_eabi.lib</file>
         <name>args_main.c.obj</name>
      </input_file>
      <input_file id="fl-cf">
         <path>C:\ti\tivaware_c_series_2_1_4_178\driverlib\ccs\Debug\</path>
         <kind>archive</kind>
         <file>driverlib.lib</file>
         <name>adc.obj</name>
      </input_file>
      <input_file id="fl-d0">
         <path>C:\ti\tivaware_c_series_2_1_4_178\driverlib\ccs\Debug\</path>
         <kind>archive</kind>
         <file>driverlib.lib</file>
         <name>gpio.obj</name>
      </input_file>
      <input_file id="fl-d1">
         <path>C:\ti\tivaware_c_series_2_1_4_178\driverlib\ccs\Debug\</path>
         <kind>archive</kind>
         <file>driverlib.lib</file>
         <name>interrupt.obj</name>
      </input_file>
      <input_file id="fl-d2">
         <path>C:\ti\tivaware_c_series_2_1_4_178\driverlib\ccs\Debug\</path>
         <kind>archive</kind>
         <file>driverlib.lib</file>
         <name>sysctl.obj</name>
      </input_file>
      <input_file id="fl-d3">
         <path>C:\ti\tivaware_c_series_2_1_4_178\driverlib\ccs\Debug\</path>
         <kind>archive</kind>
         <file>driverlib.lib</file>
         <name>uart.obj</name>
      </input_file>
      <input_file id="fl-d4">
         <path>C:\ti\tivaware_c_series_2_1_4_178\driverlib\ccs\Debug\</path>
         <kind>archive</kind>
         <file>driverlib.lib</file>
         <name>cpu.obj</name>
      </input_file>
   </input_file_list>
   <object_component_list>
      <object_component id="oc-12">
         <name>.intvecs</name>
         <load_address>0x0</load_address>
         <run_address>0x0</run_address>
         <size>0x26c</size>
         <input_file_ref idref="fl-5"/>
      </object_component>
      <object_component id="oc-175">
         <name>.text:UARTvprintf</name>
         <load_address>0x26c</load_address>
         <run_address>0x26c</run_address>
         <size>0x1ee</size>
         <input_file_ref idref="fl-6"/>
      </object_component>
      <object_component id="oc-33">
         <name>.text:FaultISR</name>
         <load_address>0x45a</load_address>
         <run_address>0x45a</run_address>
         <size>0x2</size>
         <input_file_ref idref="fl-5"/>
      </object_component>
      <object_component id="oc-200">
         <name>.text:commonInit</name>
         <load_address>0x45c</load_address>
         <run_address>0x45c</run_address>
         <size>0x13c</size>
         <input_file_ref idref="fl-3"/>
      </object_component>
      <object_component id="oc-2b9">
         <name>.text:GPIOPadConfigSet</name>
         <load_address>0x598</load_address>
         <run_address>0x598</run_address>
         <size>0x132</size>
         <input_file_ref idref="fl-d0"/>
      </object_component>
      <object_component id="oc-39">
         <name>.text:IntDefaultHandler</name>
         <load_address>0x6ca</load_address>
         <run_address>0x6ca</run_address>
         <size>0x2</size>
         <input_file_ref idref="fl-5"/>
      </object_component>
      <object_component id="oc-f0">
         <name>.text:SysCtlClockGet</name>
         <load_address>0x6cc</load_address>
         <run_address>0x6cc</run_address>
         <size>0x110</size>
         <input_file_ref idref="fl-d2"/>
      </object_component>
      <object_component id="oc-b0">
         <name>.text:main</name>
         <load_address>0x7dc</load_address>
         <run_address>0x7dc</run_address>
         <size>0x102</size>
         <input_file_ref idref="fl-4"/>
      </object_component>
      <object_component id="oc-2d">
         <name>.text:NmiSR</name>
         <load_address>0x8de</load_address>
         <run_address>0x8de</run_address>
         <size>0x2</size>
         <input_file_ref idref="fl-5"/>
      </object_component>
      <object_component id="oc-1af">
         <name>.text:ST7735_DrawBitmap</name>
         <load_address>0x8e0</load_address>
         <run_address>0x8e0</run_address>
         <size>0x100</size>
         <input_file_ref idref="fl-3"/>
      </object_component>
      <object_component id="oc-162">
         <name>.text:SysCtlClockSet</name>
         <load_address>0x9e0</load_address>
         <run_address>0x9e0</run_address>
         <size>0xf4</size>
         <input_file_ref idref="fl-d2"/>
      </object_component>
      <object_component id="oc-ea">
         <name>.text:ST7735_DrawCharS</name>
         <load_address>0xad4</load_address>
         <run_address>0xad4</run_address>
         <size>0xb4</size>
         <input_file_ref idref="fl-3"/>
      </object_component>
      <object_component id="oc-4d">
         <name>.text</name>
         <load_address>0xb88</load_address>
         <run_address>0xb88</run_address>
         <size>0x9c</size>
         <input_file_ref idref="fl-c7"/>
      </object_component>
      <object_component id="oc-d8">
         <name>.text:initialiaseSys</name>
         <load_address>0xc24</load_address>
         <run_address>0xc24</run_address>
         <size>0x98</size>
         <input_file_ref idref="fl-4"/>
      </object_component>
      <object_component id="oc-185">
         <name>.text:ST7735_FillRect</name>
         <load_address>0xcbc</load_address>
         <run_address>0xcbc</run_address>
         <size>0x80</size>
         <input_file_ref idref="fl-3"/>
      </object_component>
      <object_component id="oc-15c">
         <name>.text:ST7735_InitR</name>
         <load_address>0xd3c</load_address>
         <run_address>0xd3c</run_address>
         <size>0x7c</size>
         <input_file_ref idref="fl-3"/>
      </object_component>
      <object_component id="oc-24f">
         <name>.text:ADCSequenceStepConfigure</name>
         <load_address>0xdb8</load_address>
         <run_address>0xdb8</run_address>
         <size>0x7a</size>
         <input_file_ref idref="fl-cf"/>
      </object_component>
      <object_component id="oc-2f3">
         <name>.text</name>
         <load_address>0xe32</load_address>
         <run_address>0xe32</run_address>
         <size>0x2</size>
         <input_file_ref idref="fl-c6"/>
      </object_component>
      <object_component id="oc-16e">
         <name>.text:initialiseADC</name>
         <load_address>0xe34</load_address>
         <run_address>0xe34</run_address>
         <size>0x74</size>
         <input_file_ref idref="fl-4"/>
      </object_component>
      <object_component id="oc-271">
         <name>.text:setAddrWindow</name>
         <load_address>0xea8</load_address>
         <run_address>0xea8</run_address>
         <size>0x6c</size>
         <input_file_ref idref="fl-3"/>
      </object_component>
      <object_component id="oc-156">
         <name>.text:PLL_Init</name>
         <load_address>0xf14</load_address>
         <run_address>0xf14</run_address>
         <size>0x68</size>
         <input_file_ref idref="fl-2"/>
      </object_component>
      <object_component id="oc-15">
         <name>.text:decompress:lzss:__TI_decompress_lzss</name>
         <load_address>0xf7c</load_address>
         <run_address>0xf7c</run_address>
         <size>0x68</size>
         <input_file_ref idref="fl-c4"/>
      </object_component>
      <object_component id="oc-103">
         <name>.text:drawWalls</name>
         <load_address>0xfe4</load_address>
         <run_address>0xfe4</run_address>
         <size>0x68</size>
         <input_file_ref idref="fl-4"/>
      </object_component>
      <object_component id="oc-1f8">
         <name>.text:UARTStdioConfig</name>
         <load_address>0x104c</load_address>
         <run_address>0x104c</run_address>
         <size>0x60</size>
         <input_file_ref idref="fl-6"/>
      </object_component>
      <object_component id="oc-206">
         <name>.text:commandList</name>
         <load_address>0x10ac</load_address>
         <run_address>0x10ac</run_address>
         <size>0x54</size>
         <input_file_ref idref="fl-3"/>
      </object_component>
      <object_component id="oc-249">
         <name>.text:ADCSequenceConfigure</name>
         <load_address>0x1100</load_address>
         <run_address>0x1100</run_address>
         <size>0x50</size>
         <input_file_ref idref="fl-cf"/>
      </object_component>
      <object_component id="oc-150">
         <name>.text:ConfigureUART</name>
         <load_address>0x1150</load_address>
         <run_address>0x1150</run_address>
         <size>0x4c</size>
         <input_file_ref idref="fl-4"/>
      </object_component>
      <object_component id="oc-1e6">
         <name>.text:GPIOPinConfigure</name>
         <load_address>0x119c</load_address>
         <run_address>0x119c</run_address>
         <size>0x48</size>
         <input_file_ref idref="fl-d0"/>
      </object_component>
      <object_component id="oc-25c">
         <name>.text:UARTwrite</name>
         <load_address>0x11e4</load_address>
         <run_address>0x11e4</run_address>
         <size>0x48</size>
         <input_file_ref idref="fl-6"/>
      </object_component>
      <object_component id="oc-11c">
         <name>.text:__TI_auto_init_nobinit_nopinit:__TI_auto_init_nobinit_nopinit</name>
         <load_address>0x122c</load_address>
         <run_address>0x122c</run_address>
         <size>0x44</size>
         <input_file_ref idref="fl-c9"/>
      </object_component>
      <object_component id="oc-18b">
         <name>.text:ST7735_DrawPixel</name>
         <load_address>0x1270</load_address>
         <run_address>0x1270</run_address>
         <size>0x40</size>
         <input_file_ref idref="fl-3"/>
      </object_component>
      <object_component id="oc-262">
         <name>.text</name>
         <load_address>0x12b0</load_address>
         <run_address>0x12b0</run_address>
         <size>0x40</size>
         <input_file_ref idref="fl-c1"/>
      </object_component>
      <object_component id="oc-230">
         <name>.text:SysCtlPeripheralReady</name>
         <load_address>0x12f0</load_address>
         <run_address>0x12f0</run_address>
         <size>0x38</size>
         <input_file_ref idref="fl-d2"/>
      </object_component>
      <object_component id="oc-1e0">
         <name>.text:SysCtlPeripheralEnable</name>
         <load_address>0x1328</load_address>
         <run_address>0x1328</run_address>
         <size>0x34</size>
         <input_file_ref idref="fl-d2"/>
      </object_component>
      <object_component id="oc-6b">
         <name>.text:_c_int00_noargs:_c_int00_noargs</name>
         <load_address>0x135c</load_address>
         <run_address>0x135c</run_address>
         <size>0x34</size>
         <input_file_ref idref="fl-c5"/>
      </object_component>
      <object_component id="oc-168">
         <name>.text:initialisePortsAndGpios</name>
         <load_address>0x1390</load_address>
         <run_address>0x1390</run_address>
         <size>0x30</size>
         <input_file_ref idref="fl-4"/>
      </object_component>
      <object_component id="oc-2b3">
         <name>.text:GPIODirModeSet</name>
         <load_address>0x13c0</load_address>
         <run_address>0x13c0</run_address>
         <size>0x2a</size>
         <input_file_ref idref="fl-d0"/>
      </object_component>
      <object_component id="oc-f7">
         <name>.text:ST7735_FillScreen</name>
         <load_address>0x13ec</load_address>
         <run_address>0x13ec</run_address>
         <size>0x24</size>
         <input_file_ref idref="fl-3"/>
      </object_component>
      <object_component id="oc-20c">
         <name>.text:writecommand</name>
         <load_address>0x1410</load_address>
         <run_address>0x1410</run_address>
         <size>0x24</size>
         <input_file_ref idref="fl-3"/>
      </object_component>
      <object_component id="oc-2cf">
         <name>.text:Delay1ms</name>
         <load_address>0x1434</load_address>
         <run_address>0x1434</run_address>
         <size>0x22</size>
         <input_file_ref idref="fl-3"/>
      </object_component>
      <object_component id="oc-fd">
         <name>.text:getMappedADCValue</name>
         <load_address>0x1458</load_address>
         <run_address>0x1458</run_address>
         <size>0x20</size>
         <input_file_ref idref="fl-4"/>
      </object_component>
      <object_component id="oc-1a8">
         <name>.text:ADCSequenceDataGet</name>
         <load_address>0x1478</load_address>
         <run_address>0x1478</run_address>
         <size>0x1e</size>
         <input_file_ref idref="fl-cf"/>
      </object_component>
      <object_component id="oc-218">
         <name>.text:ST7735_SetCursor</name>
         <load_address>0x1498</load_address>
         <run_address>0x1498</run_address>
         <size>0x1c</size>
         <input_file_ref idref="fl-3"/>
      </object_component>
      <object_component id="oc-59">
         <name>.text:decompress:ZI:__TI_zero_init_nomemset:__TI_zero_init_nomemset</name>
         <load_address>0x14b4</load_address>
         <run_address>0x14b4</run_address>
         <size>0x1c</size>
         <input_file_ref idref="fl-c2"/>
      </object_component>
      <object_component id="oc-212">
         <name>.text:writedata</name>
         <load_address>0x14d0</load_address>
         <run_address>0x14d0</run_address>
         <size>0x1c</size>
         <input_file_ref idref="fl-3"/>
      </object_component>
      <object_component id="oc-e4">
         <name>.text:ST7735_Color565</name>
         <load_address>0x14ec</load_address>
         <run_address>0x14ec</run_address>
         <size>0x1a</size>
         <input_file_ref idref="fl-3"/>
      </object_component>
      <object_component id="oc-de">
         <name>.text:UARTprintf</name>
         <load_address>0x1506</load_address>
         <run_address>0x1506</run_address>
         <size>0x1a</size>
         <input_file_ref idref="fl-6"/>
      </object_component>
      <object_component id="oc-1a2">
         <name>.text:ADCProcessorTrigger</name>
         <load_address>0x1520</load_address>
         <run_address>0x1520</run_address>
         <size>0x18</size>
         <input_file_ref idref="fl-cf"/>
      </object_component>
      <object_component id="oc-237">
         <name>.text:GPIOPinTypeADC</name>
         <load_address>0x1538</load_address>
         <run_address>0x1538</run_address>
         <size>0x12</size>
         <input_file_ref idref="fl-d0"/>
      </object_component>
      <object_component id="oc-1ec">
         <name>.text:GPIOPinTypeUART</name>
         <load_address>0x154a</load_address>
         <run_address>0x154a</run_address>
         <size>0x12</size>
         <input_file_ref idref="fl-d0"/>
      </object_component>
      <object_component id="oc-278">
         <name>.text:pushColor</name>
         <load_address>0x155c</load_address>
         <run_address>0x155c</run_address>
         <size>0x12</size>
         <input_file_ref idref="fl-3"/>
      </object_component>
      <object_component id="oc-23d">
         <name>.text:ADCSequenceDisable</name>
         <load_address>0x156e</load_address>
         <run_address>0x156e</run_address>
         <size>0xe</size>
         <input_file_ref idref="fl-cf"/>
      </object_component>
      <object_component id="oc-255">
         <name>.text:ADCSequenceEnable</name>
         <load_address>0x157c</load_address>
         <run_address>0x157c</run_address>
         <size>0xe</size>
         <input_file_ref idref="fl-cf"/>
      </object_component>
      <object_component id="oc-1b">
         <name>.text:decompress:none:__TI_decompress_none</name>
         <load_address>0x158a</load_address>
         <run_address>0x158a</run_address>
         <size>0xe</size>
         <input_file_ref idref="fl-c3"/>
      </object_component>
      <object_component id="oc-243">
         <name>.text:ADCReferenceSet</name>
         <load_address>0x1598</load_address>
         <run_address>0x1598</run_address>
         <size>0xc</size>
         <input_file_ref idref="fl-cf"/>
      </object_component>
      <object_component id="oc-27">
         <name>.text:ResetISR</name>
         <load_address>0x15a4</load_address>
         <run_address>0x15a4</run_address>
         <size>0x6</size>
         <input_file_ref idref="fl-5"/>
      </object_component>
      <object_component id="oc-f6">
         <name>.text:SysCtlDelay</name>
         <load_address>0x15aa</load_address>
         <run_address>0x15aa</run_address>
         <size>0x6</size>
         <input_file_ref idref="fl-d2"/>
      </object_component>
      <object_component id="oc-1f2">
         <name>.text:UARTClockSourceSet</name>
         <load_address>0x15b0</load_address>
         <run_address>0x15b0</run_address>
         <size>0x6</size>
         <input_file_ref idref="fl-d3"/>
      </object_component>
      <object_component id="oc-aa">
         <name>.text:_system_pre_init</name>
         <load_address>0x15b6</load_address>
         <run_address>0x15b6</run_address>
         <size>0x4</size>
         <input_file_ref idref="fl-ca"/>
      </object_component>
      <object_component id="oc-110">
         <name>.text:abort:abort</name>
         <load_address>0x15ba</load_address>
         <run_address>0x15ba</run_address>
         <size>0x4</size>
         <input_file_ref idref="fl-cc"/>
      </object_component>
      <object_component id="oc-191">
         <name>.const:.string:Font</name>
         <load_address>0x15c0</load_address>
         <run_address>0x15c0</run_address>
         <size>0x4fb</size>
         <input_file_ref idref="fl-3"/>
      </object_component>
      <object_component id="oc-2ae">
         <name>.const:g_pui32GPIOBaseAddrs</name>
         <load_address>0x1abc</load_address>
         <run_address>0x1abc</run_address>
         <size>0x90</size>
         <input_file_ref idref="fl-d0"/>
      </object_component>
      <object_component id="oc-198">
         <name>.const:g_pui32Xtals</name>
         <load_address>0x1b4c</load_address>
         <run_address>0x1b4c</run_address>
         <size>0x6c</size>
         <input_file_ref idref="fl-d2"/>
      </object_component>
      <object_component id="oc-21e">
         <name>.const:.string:Rcmd1</name>
         <load_address>0x1bb8</load_address>
         <run_address>0x1bb8</run_address>
         <size>0x3b</size>
         <input_file_ref idref="fl-3"/>
      </object_component>
      <object_component id="oc-227">
         <name>.const:.string:Rcmd3</name>
         <load_address>0x1bf3</load_address>
         <run_address>0x1bf3</run_address>
         <size>0x2b</size>
         <input_file_ref idref="fl-3"/>
      </object_component>
      <object_component id="oc-224">
         <name>.const:.string:Rcmd2green</name>
         <load_address>0x1c1e</load_address>
         <run_address>0x1c1e</run_address>
         <size>0xd</size>
         <input_file_ref idref="fl-3"/>
      </object_component>
      <object_component id="oc-221">
         <name>.const:.string:Rcmd2red</name>
         <load_address>0x1c2b</load_address>
         <run_address>0x1c2b</run_address>
         <size>0xd</size>
         <input_file_ref idref="fl-3"/>
      </object_component>
      <object_component id="oc-2c5">
         <name>.const:g_ui32UARTBase</name>
         <load_address>0x1c38</load_address>
         <run_address>0x1c38</run_address>
         <size>0xc</size>
         <input_file_ref idref="fl-6"/>
      </object_component>
      <object_component id="oc-2c2">
         <name>.const:g_ui32UARTPeriph</name>
         <load_address>0x1c44</load_address>
         <run_address>0x1c44</run_address>
         <size>0xc</size>
         <input_file_ref idref="fl-6"/>
      </object_component>
      <object_component id="oc-1b5">
         <name>.const:brick</name>
         <load_address>0x1c50</load_address>
         <run_address>0x1c50</run_address>
         <size>0xa</size>
         <input_file_ref idref="fl-4"/>
      </object_component>
      <object_component id="oc-349">
         <name>.cinit..data.load</name>
         <load_address>0x1c60</load_address>
         <run_address>0x1c60</run_address>
         <size>0x13</size>
      </object_component>
      <object_component id="oc-347">
         <name>__TI_handler_table</name>
         <load_address>0x1c74</load_address>
         <run_address>0x1c74</run_address>
         <size>0xc</size>
      </object_component>
      <object_component id="oc-34a">
         <name>.cinit..bss.load</name>
         <load_address>0x1c80</load_address>
         <run_address>0x1c80</run_address>
         <size>0x8</size>
      </object_component>
      <object_component id="oc-348">
         <name>__TI_cinit_table</name>
         <load_address>0x1c88</load_address>
         <run_address>0x1c88</run_address>
         <size>0x10</size>
      </object_component>
      <object_component id="oc-194">
         <name>.data</name>
         <load_address>0x20000200</load_address>
         <run_address>0x20000200</run_address>
         <size>0x14</size>
         <input_file_ref idref="fl-3"/>
      </object_component>
      <object_component id="oc-2c8">
         <name>.data</name>
         <load_address>0x20000214</load_address>
         <run_address>0x20000214</run_address>
         <size>0x5</size>
         <input_file_ref idref="fl-6"/>
      </object_component>
      <object_component id="oc-22a">
         <name>.bss</name>
         <uninitialized>true</uninitialized>
         <run_address>0x20000219</run_address>
         <size>0x4</size>
         <input_file_ref idref="fl-3"/>
      </object_component>
      <object_component id="oc-24">
         <name>.stack</name>
         <uninitialized>true</uninitialized>
         <run_address>0x20000000</run_address>
         <size>0x4</size>
         <input_file_ref idref="fl-c5"/>
      </object_component>
      <object_component id="oc-34c">
         <name>.stack</name>
         <uninitialized>true</uninitialized>
         <run_address>0x20000000</run_address>
         <size>0x0</size>
      </object_component>
      <object_component id="oc-c7">
         <name>.debug_info</name>
         <load_address>0x0</load_address>
         <run_address>0x0</run_address>
         <size>0x276</size>
         <input_file_ref idref="fl-2"/>
      </object_component>
      <object_component id="oc-15a">
         <name>.debug_info</name>
         <load_address>0x276</load_address>
         <run_address>0x276</run_address>
         <size>0x130</size>
         <input_file_ref idref="fl-2"/>
      </object_component>
      <object_component id="oc-85">
         <name>.debug_info</name>
         <load_address>0x3a6</load_address>
         <run_address>0x3a6</run_address>
         <size>0x26b</size>
         <input_file_ref idref="fl-2"/>
      </object_component>
      <object_component id="oc-48">
         <name>.debug_info</name>
         <load_address>0x611</load_address>
         <run_address>0x611</run_address>
         <size>0x84</size>
         <input_file_ref idref="fl-2"/>
      </object_component>
      <object_component id="oc-c2">
         <name>.debug_info</name>
         <load_address>0x695</load_address>
         <run_address>0x695</run_address>
         <size>0x2a4</size>
         <input_file_ref idref="fl-2"/>
      </object_component>
      <object_component id="oc-8a">
         <name>.debug_info</name>
         <load_address>0x939</load_address>
         <run_address>0x939</run_address>
         <size>0xbb</size>
         <input_file_ref idref="fl-2"/>
      </object_component>
      <object_component id="oc-183">
         <name>.debug_info</name>
         <load_address>0x9f4</load_address>
         <run_address>0x9f4</run_address>
         <size>0x3df</size>
         <input_file_ref idref="fl-3"/>
      </object_component>
      <object_component id="oc-195">
         <name>.debug_info</name>
         <load_address>0xdd3</load_address>
         <run_address>0xdd3</run_address>
         <size>0x175</size>
         <input_file_ref idref="fl-3"/>
      </object_component>
      <object_component id="oc-192">
         <name>.debug_info</name>
         <load_address>0xf48</load_address>
         <run_address>0xf48</run_address>
         <size>0xe0</size>
         <input_file_ref idref="fl-3"/>
      </object_component>
      <object_component id="oc-22b">
         <name>.debug_info</name>
         <load_address>0x1028</load_address>
         <run_address>0x1028</run_address>
         <size>0x14c</size>
         <input_file_ref idref="fl-3"/>
      </object_component>
      <object_component id="oc-21f">
         <name>.debug_info</name>
         <load_address>0x1174</load_address>
         <run_address>0x1174</run_address>
         <size>0xe3</size>
         <input_file_ref idref="fl-3"/>
      </object_component>
      <object_component id="oc-225">
         <name>.debug_info</name>
         <load_address>0x1257</load_address>
         <run_address>0x1257</run_address>
         <size>0xed</size>
         <input_file_ref idref="fl-3"/>
      </object_component>
      <object_component id="oc-222">
         <name>.debug_info</name>
         <load_address>0x1344</load_address>
         <run_address>0x1344</run_address>
         <size>0xe9</size>
         <input_file_ref idref="fl-3"/>
      </object_component>
      <object_component id="oc-228">
         <name>.debug_info</name>
         <load_address>0x142d</load_address>
         <run_address>0x142d</run_address>
         <size>0xe3</size>
         <input_file_ref idref="fl-3"/>
      </object_component>
      <object_component id="oc-20d">
         <name>.debug_info</name>
         <load_address>0x1510</load_address>
         <run_address>0x1510</run_address>
         <size>0x137</size>
         <input_file_ref idref="fl-3"/>
      </object_component>
      <object_component id="oc-213">
         <name>.debug_info</name>
         <load_address>0x1647</load_address>
         <run_address>0x1647</run_address>
         <size>0x131</size>
         <input_file_ref idref="fl-3"/>
      </object_component>
      <object_component id="oc-272">
         <name>.debug_info</name>
         <load_address>0x1778</load_address>
         <run_address>0x1778</run_address>
         <size>0x244</size>
         <input_file_ref idref="fl-3"/>
      </object_component>
      <object_component id="oc-186">
         <name>.debug_info</name>
         <load_address>0x19bc</load_address>
         <run_address>0x19bc</run_address>
         <size>0x1e8</size>
         <input_file_ref idref="fl-3"/>
      </object_component>
      <object_component id="oc-279">
         <name>.debug_info</name>
         <load_address>0x1ba4</load_address>
         <run_address>0x1ba4</run_address>
         <size>0x161</size>
         <input_file_ref idref="fl-3"/>
      </object_component>
      <object_component id="oc-18c">
         <name>.debug_info</name>
         <load_address>0x1d05</load_address>
         <run_address>0x1d05</run_address>
         <size>0x1a0</size>
         <input_file_ref idref="fl-3"/>
      </object_component>
      <object_component id="oc-eb">
         <name>.debug_info</name>
         <load_address>0x1ea5</load_address>
         <run_address>0x1ea5</run_address>
         <size>0x249</size>
         <input_file_ref idref="fl-3"/>
      </object_component>
      <object_component id="oc-219">
         <name>.debug_info</name>
         <load_address>0x20ee</load_address>
         <run_address>0x20ee</run_address>
         <size>0x16e</size>
         <input_file_ref idref="fl-3"/>
      </object_component>
      <object_component id="oc-e5">
         <name>.debug_info</name>
         <load_address>0x225c</load_address>
         <run_address>0x225c</run_address>
         <size>0x16e</size>
         <input_file_ref idref="fl-3"/>
      </object_component>
      <object_component id="oc-2d0">
         <name>.debug_info</name>
         <load_address>0x23ca</load_address>
         <run_address>0x23ca</run_address>
         <size>0x142</size>
         <input_file_ref idref="fl-3"/>
      </object_component>
      <object_component id="oc-207">
         <name>.debug_info</name>
         <load_address>0x250c</load_address>
         <run_address>0x250c</run_address>
         <size>0x1c3</size>
         <input_file_ref idref="fl-3"/>
      </object_component>
      <object_component id="oc-201">
         <name>.debug_info</name>
         <load_address>0x26cf</load_address>
         <run_address>0x26cf</run_address>
         <size>0x18a</size>
         <input_file_ref idref="fl-3"/>
      </object_component>
      <object_component id="oc-f8">
         <name>.debug_info</name>
         <load_address>0x2859</load_address>
         <run_address>0x2859</run_address>
         <size>0x168</size>
         <input_file_ref idref="fl-3"/>
      </object_component>
      <object_component id="oc-15d">
         <name>.debug_info</name>
         <load_address>0x29c1</load_address>
         <run_address>0x29c1</run_address>
         <size>0x1e5</size>
         <input_file_ref idref="fl-3"/>
      </object_component>
      <object_component id="oc-1b1">
         <name>.debug_info</name>
         <load_address>0x2ba6</load_address>
         <run_address>0x2ba6</run_address>
         <size>0x220</size>
         <input_file_ref idref="fl-3"/>
      </object_component>
      <object_component id="oc-26c">
         <name>.debug_info</name>
         <load_address>0x2dc6</load_address>
         <run_address>0x2dc6</run_address>
         <size>0xcc</size>
         <input_file_ref idref="fl-3"/>
      </object_component>
      <object_component id="oc-17d">
         <name>.debug_info</name>
         <load_address>0x2e92</load_address>
         <run_address>0x2e92</run_address>
         <size>0x2c</size>
         <input_file_ref idref="fl-3"/>
      </object_component>
      <object_component id="oc-1bb">
         <name>.debug_info</name>
         <load_address>0x2ebe</load_address>
         <run_address>0x2ebe</run_address>
         <size>0x51</size>
         <input_file_ref idref="fl-3"/>
      </object_component>
      <object_component id="oc-10f">
         <name>.debug_info</name>
         <load_address>0x2f0f</load_address>
         <run_address>0x2f0f</run_address>
         <size>0x823</size>
         <input_file_ref idref="fl-4"/>
      </object_component>
      <object_component id="oc-1b6">
         <name>.debug_info</name>
         <load_address>0x3732</load_address>
         <run_address>0x3732</run_address>
         <size>0xe1</size>
         <input_file_ref idref="fl-4"/>
      </object_component>
      <object_component id="oc-152">
         <name>.debug_info</name>
         <load_address>0x3813</load_address>
         <run_address>0x3813</run_address>
         <size>0x1c8</size>
         <input_file_ref idref="fl-4"/>
      </object_component>
      <object_component id="oc-16b">
         <name>.debug_info</name>
         <load_address>0x39db</load_address>
         <run_address>0x39db</run_address>
         <size>0x1a1</size>
         <input_file_ref idref="fl-4"/>
      </object_component>
      <object_component id="oc-171">
         <name>.debug_info</name>
         <load_address>0x3b7c</load_address>
         <run_address>0x3b7c</run_address>
         <size>0x21f</size>
         <input_file_ref idref="fl-4"/>
      </object_component>
      <object_component id="oc-da">
         <name>.debug_info</name>
         <load_address>0x3d9b</load_address>
         <run_address>0x3d9b</run_address>
         <size>0x20b</size>
         <input_file_ref idref="fl-4"/>
      </object_component>
      <object_component id="oc-fe">
         <name>.debug_info</name>
         <load_address>0x3fa6</load_address>
         <run_address>0x3fa6</run_address>
         <size>0x19c</size>
         <input_file_ref idref="fl-4"/>
      </object_component>
      <object_component id="oc-105">
         <name>.debug_info</name>
         <load_address>0x4142</load_address>
         <run_address>0x4142</run_address>
         <size>0x1b8</size>
         <input_file_ref idref="fl-4"/>
      </object_component>
      <object_component id="oc-b1">
         <name>.debug_info</name>
         <load_address>0x42fa</load_address>
         <run_address>0x42fa</run_address>
         <size>0x31d</size>
         <input_file_ref idref="fl-4"/>
      </object_component>
      <object_component id="oc-10a">
         <name>.debug_info</name>
         <load_address>0x4617</load_address>
         <run_address>0x4617</run_address>
         <size>0x8b</size>
         <input_file_ref idref="fl-4"/>
      </object_component>
      <object_component id="oc-41">
         <name>.debug_info</name>
         <load_address>0x46a2</load_address>
         <run_address>0x46a2</run_address>
         <size>0x2b7</size>
         <input_file_ref idref="fl-5"/>
      </object_component>
      <object_component id="oc-13">
         <name>.debug_info</name>
         <load_address>0x4959</load_address>
         <run_address>0x4959</run_address>
         <size>0xf6</size>
         <input_file_ref idref="fl-5"/>
      </object_component>
      <object_component id="oc-28">
         <name>.debug_info</name>
         <load_address>0x4a4f</load_address>
         <run_address>0x4a4f</run_address>
         <size>0x126</size>
         <input_file_ref idref="fl-5"/>
      </object_component>
      <object_component id="oc-2e">
         <name>.debug_info</name>
         <load_address>0x4b75</load_address>
         <run_address>0x4b75</run_address>
         <size>0x115</size>
         <input_file_ref idref="fl-5"/>
      </object_component>
      <object_component id="oc-3a">
         <name>.debug_info</name>
         <load_address>0x4c8a</load_address>
         <run_address>0x4c8a</run_address>
         <size>0x12f</size>
         <input_file_ref idref="fl-5"/>
      </object_component>
      <object_component id="oc-34">
         <name>.debug_info</name>
         <load_address>0x4db9</load_address>
         <run_address>0x4db9</run_address>
         <size>0x11d</size>
         <input_file_ref idref="fl-5"/>
      </object_component>
      <object_component id="oc-17c">
         <name>.debug_info</name>
         <load_address>0x4ed6</load_address>
         <run_address>0x4ed6</run_address>
         <size>0x2d3</size>
         <input_file_ref idref="fl-6"/>
      </object_component>
      <object_component id="oc-2c9">
         <name>.debug_info</name>
         <load_address>0x51a9</load_address>
         <run_address>0x51a9</run_address>
         <size>0x114</size>
         <input_file_ref idref="fl-6"/>
      </object_component>
      <object_component id="oc-2c6">
         <name>.debug_info</name>
         <load_address>0x52bd</load_address>
         <run_address>0x52bd</run_address>
         <size>0x11c</size>
         <input_file_ref idref="fl-6"/>
      </object_component>
      <object_component id="oc-2c3">
         <name>.debug_info</name>
         <load_address>0x53d9</load_address>
         <run_address>0x53d9</run_address>
         <size>0x120</size>
         <input_file_ref idref="fl-6"/>
      </object_component>
      <object_component id="oc-25f">
         <name>.debug_info</name>
         <load_address>0x54f9</load_address>
         <run_address>0x54f9</run_address>
         <size>0x20b</size>
         <input_file_ref idref="fl-6"/>
      </object_component>
      <object_component id="oc-178">
         <name>.debug_info</name>
         <load_address>0x5704</load_address>
         <run_address>0x5704</run_address>
         <size>0x33d</size>
         <input_file_ref idref="fl-6"/>
      </object_component>
      <object_component id="oc-df">
         <name>.debug_info</name>
         <load_address>0x5a41</load_address>
         <run_address>0x5a41</run_address>
         <size>0x1d8</size>
         <input_file_ref idref="fl-6"/>
      </object_component>
      <object_component id="oc-2cb">
         <name>.debug_info</name>
         <load_address>0x5c19</load_address>
         <run_address>0x5c19</run_address>
         <size>0x256</size>
         <input_file_ref idref="fl-6"/>
      </object_component>
      <object_component id="oc-1fb">
         <name>.debug_info</name>
         <load_address>0x5e6f</load_address>
         <run_address>0x5e6f</run_address>
         <size>0x26e</size>
         <input_file_ref idref="fl-6"/>
      </object_component>
      <object_component id="oc-263">
         <name>.debug_info</name>
         <load_address>0x60dd</load_address>
         <run_address>0x60dd</run_address>
         <size>0x142</size>
         <input_file_ref idref="fl-c1"/>
      </object_component>
      <object_component id="oc-a3">
         <name>.debug_info</name>
         <load_address>0x621f</load_address>
         <run_address>0x621f</run_address>
         <size>0x2d4</size>
         <input_file_ref idref="fl-c2"/>
      </object_component>
      <object_component id="oc-5a">
         <name>.debug_info</name>
         <load_address>0x64f3</load_address>
         <run_address>0x64f3</run_address>
         <size>0x1d2</size>
         <input_file_ref idref="fl-c2"/>
      </object_component>
      <object_component id="oc-9e">
         <name>.debug_info</name>
         <load_address>0x66c5</load_address>
         <run_address>0x66c5</run_address>
         <size>0x46</size>
         <input_file_ref idref="fl-c2"/>
      </object_component>
      <object_component id="oc-cf">
         <name>.debug_info</name>
         <load_address>0x670b</load_address>
         <run_address>0x670b</run_address>
         <size>0x2c</size>
         <input_file_ref idref="fl-c2"/>
      </object_component>
      <object_component id="oc-58">
         <name>.debug_info</name>
         <load_address>0x6737</load_address>
         <run_address>0x6737</run_address>
         <size>0x2a8</size>
         <input_file_ref idref="fl-c3"/>
      </object_component>
      <object_component id="oc-1d">
         <name>.debug_info</name>
         <load_address>0x69df</load_address>
         <run_address>0x69df</run_address>
         <size>0x1ea</size>
         <input_file_ref idref="fl-c3"/>
      </object_component>
      <object_component id="oc-53">
         <name>.debug_info</name>
         <load_address>0x6bc9</load_address>
         <run_address>0x6bc9</run_address>
         <size>0x46</size>
         <input_file_ref idref="fl-c3"/>
      </object_component>
      <object_component id="oc-96">
         <name>.debug_info</name>
         <load_address>0x6c0f</load_address>
         <run_address>0x6c0f</run_address>
         <size>0x2c</size>
         <input_file_ref idref="fl-c3"/>
      </object_component>
      <object_component id="oc-94">
         <name>.debug_info</name>
         <load_address>0x6c3b</load_address>
         <run_address>0x6c3b</run_address>
         <size>0x29e</size>
         <input_file_ref idref="fl-c4"/>
      </object_component>
      <object_component id="oc-16">
         <name>.debug_info</name>
         <load_address>0x6ed9</load_address>
         <run_address>0x6ed9</run_address>
         <size>0x250</size>
         <input_file_ref idref="fl-c4"/>
      </object_component>
      <object_component id="oc-43">
         <name>.debug_info</name>
         <load_address>0x7129</load_address>
         <run_address>0x7129</run_address>
         <size>0x60</size>
         <input_file_ref idref="fl-c4"/>
      </object_component>
      <object_component id="oc-c8">
         <name>.debug_info</name>
         <load_address>0x7189</load_address>
         <run_address>0x7189</run_address>
         <size>0x46</size>
         <input_file_ref idref="fl-c4"/>
      </object_component>
      <object_component id="oc-8f">
         <name>.debug_info</name>
         <load_address>0x71cf</load_address>
         <run_address>0x71cf</run_address>
         <size>0x39</size>
         <input_file_ref idref="fl-c4"/>
      </object_component>
      <object_component id="oc-25">
         <name>.debug_info</name>
         <load_address>0x7208</load_address>
         <run_address>0x7208</run_address>
         <size>0x10b</size>
         <input_file_ref idref="fl-c5"/>
      </object_component>
      <object_component id="oc-6f">
         <name>.debug_info</name>
         <load_address>0x7313</load_address>
         <run_address>0x7313</run_address>
         <size>0x1a9</size>
         <input_file_ref idref="fl-c5"/>
      </object_component>
      <object_component id="oc-2f5">
         <name>.debug_info</name>
         <load_address>0x74bc</load_address>
         <run_address>0x74bc</run_address>
         <size>0x115</size>
         <input_file_ref idref="fl-c6"/>
      </object_component>
      <object_component id="oc-4e">
         <name>.debug_info</name>
         <load_address>0x75d1</load_address>
         <run_address>0x75d1</run_address>
         <size>0x119</size>
         <input_file_ref idref="fl-c7"/>
      </object_component>
      <object_component id="oc-1cb">
         <name>.debug_info</name>
         <load_address>0x76ea</load_address>
         <run_address>0x76ea</run_address>
         <size>0x4b3</size>
         <input_file_ref idref="fl-c9"/>
      </object_component>
      <object_component id="oc-11f">
         <name>.debug_info</name>
         <load_address>0x7b9d</load_address>
         <run_address>0x7b9d</run_address>
         <size>0x1a6</size>
         <input_file_ref idref="fl-c9"/>
      </object_component>
      <object_component id="oc-29c">
         <name>.debug_info</name>
         <load_address>0x7d43</load_address>
         <run_address>0x7d43</run_address>
         <size>0x39</size>
         <input_file_ref idref="fl-c9"/>
      </object_component>
      <object_component id="oc-300">
         <name>.debug_info</name>
         <load_address>0x7d7c</load_address>
         <run_address>0x7d7c</run_address>
         <size>0x39</size>
         <input_file_ref idref="fl-c9"/>
      </object_component>
      <object_component id="oc-2a1">
         <name>.debug_info</name>
         <load_address>0x7db5</load_address>
         <run_address>0x7db5</run_address>
         <size>0x39</size>
         <input_file_ref idref="fl-c9"/>
      </object_component>
      <object_component id="oc-2a6">
         <name>.debug_info</name>
         <load_address>0x7dee</load_address>
         <run_address>0x7dee</run_address>
         <size>0xcd</size>
         <input_file_ref idref="fl-c9"/>
      </object_component>
      <object_component id="oc-ac">
         <name>.debug_info</name>
         <load_address>0x7ebb</load_address>
         <run_address>0x7ebb</run_address>
         <size>0x153</size>
         <input_file_ref idref="fl-ca"/>
      </object_component>
      <object_component id="oc-111">
         <name>.debug_info</name>
         <load_address>0x800e</load_address>
         <run_address>0x800e</run_address>
         <size>0x122</size>
         <input_file_ref idref="fl-cc"/>
      </object_component>
      <object_component id="oc-286">
         <name>.debug_info</name>
         <load_address>0x8130</load_address>
         <run_address>0x8130</run_address>
         <size>0x24d</size>
         <input_file_ref idref="fl-cf"/>
      </object_component>
      <object_component id="oc-250">
         <name>.debug_info</name>
         <load_address>0x837d</load_address>
         <run_address>0x837d</run_address>
         <size>0x333</size>
         <input_file_ref idref="fl-cf"/>
      </object_component>
      <object_component id="oc-256">
         <name>.debug_info</name>
         <load_address>0x86b0</load_address>
         <run_address>0x86b0</run_address>
         <size>0x2a0</size>
         <input_file_ref idref="fl-cf"/>
      </object_component>
      <object_component id="oc-23e">
         <name>.debug_info</name>
         <load_address>0x8950</load_address>
         <run_address>0x8950</run_address>
         <size>0x2a2</size>
         <input_file_ref idref="fl-cf"/>
      </object_component>
      <object_component id="oc-1a9">
         <name>.debug_info</name>
         <load_address>0x8bf2</load_address>
         <run_address>0x8bf2</run_address>
         <size>0x2ff</size>
         <input_file_ref idref="fl-cf"/>
      </object_component>
      <object_component id="oc-24a">
         <name>.debug_info</name>
         <load_address>0x8ef1</load_address>
         <run_address>0x8ef1</run_address>
         <size>0x326</size>
         <input_file_ref idref="fl-cf"/>
      </object_component>
      <object_component id="oc-244">
         <name>.debug_info</name>
         <load_address>0x9217</load_address>
         <run_address>0x9217</run_address>
         <size>0x27c</size>
         <input_file_ref idref="fl-cf"/>
      </object_component>
      <object_component id="oc-1a3">
         <name>.debug_info</name>
         <load_address>0x9493</load_address>
         <run_address>0x9493</run_address>
         <size>0x2a4</size>
         <input_file_ref idref="fl-cf"/>
      </object_component>
      <object_component id="oc-19c">
         <name>.debug_info</name>
         <load_address>0x9737</load_address>
         <run_address>0x9737</run_address>
         <size>0x18b</size>
         <input_file_ref idref="fl-cf"/>
      </object_component>
      <object_component id="oc-2b2">
         <name>.debug_info</name>
         <load_address>0x98c2</load_address>
         <run_address>0x98c2</run_address>
         <size>0x240</size>
         <input_file_ref idref="fl-d0"/>
      </object_component>
      <object_component id="oc-2af">
         <name>.debug_info</name>
         <load_address>0x9b02</load_address>
         <run_address>0x9b02</run_address>
         <size>0x15b</size>
         <input_file_ref idref="fl-d0"/>
      </object_component>
      <object_component id="oc-2b5">
         <name>.debug_info</name>
         <load_address>0x9c5d</load_address>
         <run_address>0x9c5d</run_address>
         <size>0x2b3</size>
         <input_file_ref idref="fl-d0"/>
      </object_component>
      <object_component id="oc-2bb">
         <name>.debug_info</name>
         <load_address>0x9f10</load_address>
         <run_address>0x9f10</run_address>
         <size>0x316</size>
         <input_file_ref idref="fl-d0"/>
      </object_component>
      <object_component id="oc-1ee">
         <name>.debug_info</name>
         <load_address>0xa226</load_address>
         <run_address>0xa226</run_address>
         <size>0x27b</size>
         <input_file_ref idref="fl-d0"/>
      </object_component>
      <object_component id="oc-238">
         <name>.debug_info</name>
         <load_address>0xa4a1</load_address>
         <run_address>0xa4a1</run_address>
         <size>0x279</size>
         <input_file_ref idref="fl-d0"/>
      </object_component>
      <object_component id="oc-1e7">
         <name>.debug_info</name>
         <load_address>0xa71a</load_address>
         <run_address>0xa71a</run_address>
         <size>0x280</size>
         <input_file_ref idref="fl-d0"/>
      </object_component>
      <object_component id="oc-22f">
         <name>.debug_info</name>
         <load_address>0xa99a</load_address>
         <run_address>0xa99a</run_address>
         <size>0x298</size>
         <input_file_ref idref="fl-d2"/>
      </object_component>
      <object_component id="oc-199">
         <name>.debug_info</name>
         <load_address>0xac32</load_address>
         <run_address>0xac32</run_address>
         <size>0x14d</size>
         <input_file_ref idref="fl-d2"/>
      </object_component>
      <object_component id="oc-232">
         <name>.debug_info</name>
         <load_address>0xad7f</load_address>
         <run_address>0xad7f</run_address>
         <size>0x27f</size>
         <input_file_ref idref="fl-d2"/>
      </object_component>
      <object_component id="oc-1e2">
         <name>.debug_info</name>
         <load_address>0xaffe</load_address>
         <run_address>0xaffe</run_address>
         <size>0x27d</size>
         <input_file_ref idref="fl-d2"/>
      </object_component>
      <object_component id="oc-164">
         <name>.debug_info</name>
         <load_address>0xb27b</load_address>
         <run_address>0xb27b</run_address>
         <size>0x2db</size>
         <input_file_ref idref="fl-d2"/>
      </object_component>
      <object_component id="oc-f2">
         <name>.debug_info</name>
         <load_address>0xb556</load_address>
         <run_address>0xb556</run_address>
         <size>0x2b5</size>
         <input_file_ref idref="fl-d2"/>
      </object_component>
      <object_component id="oc-2e6">
         <name>.debug_info</name>
         <load_address>0xb80b</load_address>
         <run_address>0xb80b</run_address>
         <size>0x5f</size>
         <input_file_ref idref="fl-d2"/>
      </object_component>
      <object_component id="oc-2c1">
         <name>.debug_info</name>
         <load_address>0xb86a</load_address>
         <run_address>0xb86a</run_address>
         <size>0x227</size>
         <input_file_ref idref="fl-d3"/>
      </object_component>
      <object_component id="oc-1f4">
         <name>.debug_info</name>
         <load_address>0xba91</load_address>
         <run_address>0xba91</run_address>
         <size>0x291</size>
         <input_file_ref idref="fl-d3"/>
      </object_component>
      <object_component id="oc-34d">
         <name>.debug_info</name>
         <load_address>0xbd22</load_address>
         <run_address>0xbd22</run_address>
         <size>0xb6</size>
      </object_component>
      <object_component id="oc-14f">
         <name>.debug_line</name>
         <load_address>0x0</load_address>
         <run_address>0x0</run_address>
         <size>0x20</size>
         <input_file_ref idref="fl-2"/>
      </object_component>
      <object_component id="oc-157">
         <name>.debug_line</name>
         <load_address>0x20</load_address>
         <run_address>0x20</run_address>
         <size>0x4e</size>
         <input_file_ref idref="fl-2"/>
      </object_component>
      <object_component id="oc-88">
         <name>.debug_line</name>
         <load_address>0x6e</load_address>
         <run_address>0x6e</run_address>
         <size>0x6f</size>
         <input_file_ref idref="fl-2"/>
      </object_component>
      <object_component id="oc-4b">
         <name>.debug_line</name>
         <load_address>0xdd</load_address>
         <run_address>0xdd</run_address>
         <size>0x20</size>
         <input_file_ref idref="fl-2"/>
      </object_component>
      <object_component id="oc-c5">
         <name>.debug_line</name>
         <load_address>0xfd</load_address>
         <run_address>0xfd</run_address>
         <size>0x73</size>
         <input_file_ref idref="fl-2"/>
      </object_component>
      <object_component id="oc-8d">
         <name>.debug_line</name>
         <load_address>0x170</load_address>
         <run_address>0x170</run_address>
         <size>0x70</size>
         <input_file_ref idref="fl-2"/>
      </object_component>
      <object_component id="oc-26b">
         <name>.debug_line</name>
         <load_address>0x1e0</load_address>
         <run_address>0x1e0</run_address>
         <size>0x2f</size>
         <input_file_ref idref="fl-3"/>
      </object_component>
      <object_component id="oc-282">
         <name>.debug_line</name>
         <load_address>0x20f</load_address>
         <run_address>0x20f</run_address>
         <size>0x2f</size>
         <input_file_ref idref="fl-3"/>
      </object_component>
      <object_component id="oc-280">
         <name>.debug_line</name>
         <load_address>0x23e</load_address>
         <run_address>0x23e</run_address>
         <size>0x2f</size>
         <input_file_ref idref="fl-3"/>
      </object_component>
      <object_component id="oc-2e3">
         <name>.debug_line</name>
         <load_address>0x26d</load_address>
         <run_address>0x26d</run_address>
         <size>0x2f</size>
         <input_file_ref idref="fl-3"/>
      </object_component>
      <object_component id="oc-2db">
         <name>.debug_line</name>
         <load_address>0x29c</load_address>
         <run_address>0x29c</run_address>
         <size>0x2f</size>
         <input_file_ref idref="fl-3"/>
      </object_component>
      <object_component id="oc-2df">
         <name>.debug_line</name>
         <load_address>0x2cb</load_address>
         <run_address>0x2cb</run_address>
         <size>0x2f</size>
         <input_file_ref idref="fl-3"/>
      </object_component>
      <object_component id="oc-2dd">
         <name>.debug_line</name>
         <load_address>0x2fa</load_address>
         <run_address>0x2fa</run_address>
         <size>0x2f</size>
         <input_file_ref idref="fl-3"/>
      </object_component>
      <object_component id="oc-2e1">
         <name>.debug_line</name>
         <load_address>0x329</load_address>
         <run_address>0x329</run_address>
         <size>0x2f</size>
         <input_file_ref idref="fl-3"/>
      </object_component>
      <object_component id="oc-210">
         <name>.debug_line</name>
         <load_address>0x358</load_address>
         <run_address>0x358</run_address>
         <size>0x4b</size>
         <input_file_ref idref="fl-3"/>
      </object_component>
      <object_component id="oc-216">
         <name>.debug_line</name>
         <load_address>0x3a3</load_address>
         <run_address>0x3a3</run_address>
         <size>0x48</size>
         <input_file_ref idref="fl-3"/>
      </object_component>
      <object_component id="oc-275">
         <name>.debug_line</name>
         <load_address>0x3eb</load_address>
         <run_address>0x3eb</run_address>
         <size>0x54</size>
         <input_file_ref idref="fl-3"/>
      </object_component>
      <object_component id="oc-189">
         <name>.debug_line</name>
         <load_address>0x43f</load_address>
         <run_address>0x43f</run_address>
         <size>0x6d</size>
         <input_file_ref idref="fl-3"/>
      </object_component>
      <object_component id="oc-27c">
         <name>.debug_line</name>
         <load_address>0x4ac</load_address>
         <run_address>0x4ac</run_address>
         <size>0x45</size>
         <input_file_ref idref="fl-3"/>
      </object_component>
      <object_component id="oc-18f">
         <name>.debug_line</name>
         <load_address>0x4f1</load_address>
         <run_address>0x4f1</run_address>
         <size>0x4c</size>
         <input_file_ref idref="fl-3"/>
      </object_component>
      <object_component id="oc-ee">
         <name>.debug_line</name>
         <load_address>0x53d</load_address>
         <run_address>0x53d</run_address>
         <size>0x93</size>
         <input_file_ref idref="fl-3"/>
      </object_component>
      <object_component id="oc-21c">
         <name>.debug_line</name>
         <load_address>0x5d0</load_address>
         <run_address>0x5d0</run_address>
         <size>0x46</size>
         <input_file_ref idref="fl-3"/>
      </object_component>
      <object_component id="oc-e8">
         <name>.debug_line</name>
         <load_address>0x616</load_address>
         <run_address>0x616</run_address>
         <size>0x44</size>
         <input_file_ref idref="fl-3"/>
      </object_component>
      <object_component id="oc-2d3">
         <name>.debug_line</name>
         <load_address>0x65a</load_address>
         <run_address>0x65a</run_address>
         <size>0x51</size>
         <input_file_ref idref="fl-3"/>
      </object_component>
      <object_component id="oc-20a">
         <name>.debug_line</name>
         <load_address>0x6ab</load_address>
         <run_address>0x6ab</run_address>
         <size>0x5f</size>
         <input_file_ref idref="fl-3"/>
      </object_component>
      <object_component id="oc-204">
         <name>.debug_line</name>
         <load_address>0x70a</load_address>
         <run_address>0x70a</run_address>
         <size>0x78</size>
         <input_file_ref idref="fl-3"/>
      </object_component>
      <object_component id="oc-fb">
         <name>.debug_line</name>
         <load_address>0x782</load_address>
         <run_address>0x782</run_address>
         <size>0x44</size>
         <input_file_ref idref="fl-3"/>
      </object_component>
      <object_component id="oc-160">
         <name>.debug_line</name>
         <load_address>0x7c6</load_address>
         <run_address>0x7c6</run_address>
         <size>0x5b</size>
         <input_file_ref idref="fl-3"/>
      </object_component>
      <object_component id="oc-1b0">
         <name>.debug_line</name>
         <load_address>0x821</load_address>
         <run_address>0x821</run_address>
         <size>0xbe</size>
         <input_file_ref idref="fl-3"/>
      </object_component>
      <object_component id="oc-26f">
         <name>.debug_line</name>
         <load_address>0x8df</load_address>
         <run_address>0x8df</run_address>
         <size>0x6a</size>
         <input_file_ref idref="fl-3"/>
      </object_component>
      <object_component id="oc-180">
         <name>.debug_line</name>
         <load_address>0x949</load_address>
         <run_address>0x949</run_address>
         <size>0x6b</size>
         <input_file_ref idref="fl-3"/>
      </object_component>
      <object_component id="oc-1be">
         <name>.debug_line</name>
         <load_address>0x9b4</load_address>
         <run_address>0x9b4</run_address>
         <size>0x2f</size>
         <input_file_ref idref="fl-3"/>
      </object_component>
      <object_component id="oc-1ba">
         <name>.debug_line</name>
         <load_address>0x9e3</load_address>
         <run_address>0x9e3</run_address>
         <size>0x14b</size>
         <input_file_ref idref="fl-4"/>
      </object_component>
      <object_component id="oc-28b">
         <name>.debug_line</name>
         <load_address>0xb2e</load_address>
         <run_address>0xb2e</run_address>
         <size>0x2d</size>
         <input_file_ref idref="fl-4"/>
      </object_component>
      <object_component id="oc-151">
         <name>.debug_line</name>
         <load_address>0xb5b</load_address>
         <run_address>0xb5b</run_address>
         <size>0x48</size>
         <input_file_ref idref="fl-4"/>
      </object_component>
      <object_component id="oc-169">
         <name>.debug_line</name>
         <load_address>0xba3</load_address>
         <run_address>0xba3</run_address>
         <size>0x4f</size>
         <input_file_ref idref="fl-4"/>
      </object_component>
      <object_component id="oc-16f">
         <name>.debug_line</name>
         <load_address>0xbf2</load_address>
         <run_address>0xbf2</run_address>
         <size>0x53</size>
         <input_file_ref idref="fl-4"/>
      </object_component>
      <object_component id="oc-d9">
         <name>.debug_line</name>
         <load_address>0xc45</load_address>
         <run_address>0xc45</run_address>
         <size>0x4c</size>
         <input_file_ref idref="fl-4"/>
      </object_component>
      <object_component id="oc-101">
         <name>.debug_line</name>
         <load_address>0xc91</load_address>
         <run_address>0xc91</run_address>
         <size>0x49</size>
         <input_file_ref idref="fl-4"/>
      </object_component>
      <object_component id="oc-104">
         <name>.debug_line</name>
         <load_address>0xcda</load_address>
         <run_address>0xcda</run_address>
         <size>0x57</size>
         <input_file_ref idref="fl-4"/>
      </object_component>
      <object_component id="oc-b4">
         <name>.debug_line</name>
         <load_address>0xd31</load_address>
         <run_address>0xd31</run_address>
         <size>0x5b</size>
         <input_file_ref idref="fl-4"/>
      </object_component>
      <object_component id="oc-10d">
         <name>.debug_line</name>
         <load_address>0xd8c</load_address>
         <run_address>0xd8c</run_address>
         <size>0x20</size>
         <input_file_ref idref="fl-4"/>
      </object_component>
      <object_component id="oc-84">
         <name>.debug_line</name>
         <load_address>0xdac</load_address>
         <run_address>0xdac</run_address>
         <size>0x34</size>
         <input_file_ref idref="fl-5"/>
      </object_component>
      <object_component id="oc-40">
         <name>.debug_line</name>
         <load_address>0xde0</load_address>
         <run_address>0xde0</run_address>
         <size>0x34</size>
         <input_file_ref idref="fl-5"/>
      </object_component>
      <object_component id="oc-2b">
         <name>.debug_line</name>
         <load_address>0xe14</load_address>
         <run_address>0xe14</run_address>
         <size>0x46</size>
         <input_file_ref idref="fl-5"/>
      </object_component>
      <object_component id="oc-31">
         <name>.debug_line</name>
         <load_address>0xe5a</load_address>
         <run_address>0xe5a</run_address>
         <size>0x49</size>
         <input_file_ref idref="fl-5"/>
      </object_component>
      <object_component id="oc-3e">
         <name>.debug_line</name>
         <load_address>0xea3</load_address>
         <run_address>0xea3</run_address>
         <size>0x49</size>
         <input_file_ref idref="fl-5"/>
      </object_component>
      <object_component id="oc-37">
         <name>.debug_line</name>
         <load_address>0xeec</load_address>
         <run_address>0xeec</run_address>
         <size>0x49</size>
         <input_file_ref idref="fl-5"/>
      </object_component>
      <object_component id="oc-269">
         <name>.debug_line</name>
         <load_address>0xf35</load_address>
         <run_address>0xf35</run_address>
         <size>0x20</size>
         <input_file_ref idref="fl-6"/>
      </object_component>
      <object_component id="oc-319">
         <name>.debug_line</name>
         <load_address>0xf55</load_address>
         <run_address>0xf55</run_address>
         <size>0x57</size>
         <input_file_ref idref="fl-6"/>
      </object_component>
      <object_component id="oc-317">
         <name>.debug_line</name>
         <load_address>0xfac</load_address>
         <run_address>0xfac</run_address>
         <size>0x57</size>
         <input_file_ref idref="fl-6"/>
      </object_component>
      <object_component id="oc-315">
         <name>.debug_line</name>
         <load_address>0x1003</load_address>
         <run_address>0x1003</run_address>
         <size>0x57</size>
         <input_file_ref idref="fl-6"/>
      </object_component>
      <object_component id="oc-25e">
         <name>.debug_line</name>
         <load_address>0x105a</load_address>
         <run_address>0x105a</run_address>
         <size>0x87</size>
         <input_file_ref idref="fl-6"/>
      </object_component>
      <object_component id="oc-177">
         <name>.debug_line</name>
         <load_address>0x10e1</load_address>
         <run_address>0x10e1</run_address>
         <size>0x186</size>
         <input_file_ref idref="fl-6"/>
      </object_component>
      <object_component id="oc-e2">
         <name>.debug_line</name>
         <load_address>0x1267</load_address>
         <run_address>0x1267</run_address>
         <size>0x6e</size>
         <input_file_ref idref="fl-6"/>
      </object_component>
      <object_component id="oc-31b">
         <name>.debug_line</name>
         <load_address>0x12d5</load_address>
         <run_address>0x12d5</run_address>
         <size>0xb2</size>
         <input_file_ref idref="fl-6"/>
      </object_component>
      <object_component id="oc-1f9">
         <name>.debug_line</name>
         <load_address>0x1387</load_address>
         <run_address>0x1387</run_address>
         <size>0x78</size>
         <input_file_ref idref="fl-6"/>
      </object_component>
      <object_component id="oc-266">
         <name>.debug_line</name>
         <load_address>0x13ff</load_address>
         <run_address>0x13ff</run_address>
         <size>0x5b</size>
         <input_file_ref idref="fl-c1"/>
      </object_component>
      <object_component id="oc-d5">
         <name>.debug_line</name>
         <load_address>0x145a</load_address>
         <run_address>0x145a</run_address>
         <size>0x92</size>
         <input_file_ref idref="fl-c2"/>
      </object_component>
      <object_component id="oc-5d">
         <name>.debug_line</name>
         <load_address>0x14ec</load_address>
         <run_address>0x14ec</run_address>
         <size>0x56</size>
         <input_file_ref idref="fl-c2"/>
      </object_component>
      <object_component id="oc-a1">
         <name>.debug_line</name>
         <load_address>0x1542</load_address>
         <run_address>0x1542</run_address>
         <size>0x34</size>
         <input_file_ref idref="fl-c2"/>
      </object_component>
      <object_component id="oc-d2">
         <name>.debug_line</name>
         <load_address>0x1576</load_address>
         <run_address>0x1576</run_address>
         <size>0x92</size>
         <input_file_ref idref="fl-c2"/>
      </object_component>
      <object_component id="oc-9c">
         <name>.debug_line</name>
         <load_address>0x1608</load_address>
         <run_address>0x1608</run_address>
         <size>0x20</size>
         <input_file_ref idref="fl-c3"/>
      </object_component>
      <object_component id="oc-20">
         <name>.debug_line</name>
         <load_address>0x1628</load_address>
         <run_address>0x1628</run_address>
         <size>0x55</size>
         <input_file_ref idref="fl-c3"/>
      </object_component>
      <object_component id="oc-56">
         <name>.debug_line</name>
         <load_address>0x167d</load_address>
         <run_address>0x167d</run_address>
         <size>0x3a</size>
         <input_file_ref idref="fl-c3"/>
      </object_component>
      <object_component id="oc-99">
         <name>.debug_line</name>
         <load_address>0x16b7</load_address>
         <run_address>0x16b7</run_address>
         <size>0x92</size>
         <input_file_ref idref="fl-c3"/>
      </object_component>
      <object_component id="oc-ce">
         <name>.debug_line</name>
         <load_address>0x1749</load_address>
         <run_address>0x1749</run_address>
         <size>0x20</size>
         <input_file_ref idref="fl-c4"/>
      </object_component>
      <object_component id="oc-19">
         <name>.debug_line</name>
         <load_address>0x1769</load_address>
         <run_address>0x1769</run_address>
         <size>0xa9</size>
         <input_file_ref idref="fl-c4"/>
      </object_component>
      <object_component id="oc-46">
         <name>.debug_line</name>
         <load_address>0x1812</load_address>
         <run_address>0x1812</run_address>
         <size>0x3a</size>
         <input_file_ref idref="fl-c4"/>
      </object_component>
      <object_component id="oc-cb">
         <name>.debug_line</name>
         <load_address>0x184c</load_address>
         <run_address>0x184c</run_address>
         <size>0x9a</size>
         <input_file_ref idref="fl-c4"/>
      </object_component>
      <object_component id="oc-92">
         <name>.debug_line</name>
         <load_address>0x18e6</load_address>
         <run_address>0x18e6</run_address>
         <size>0x96</size>
         <input_file_ref idref="fl-c4"/>
      </object_component>
      <object_component id="oc-7e">
         <name>.debug_line</name>
         <load_address>0x197c</load_address>
         <run_address>0x197c</run_address>
         <size>0x33</size>
         <input_file_ref idref="fl-c5"/>
      </object_component>
      <object_component id="oc-6e">
         <name>.debug_line</name>
         <load_address>0x19af</load_address>
         <run_address>0x19af</run_address>
         <size>0x45</size>
         <input_file_ref idref="fl-c5"/>
      </object_component>
      <object_component id="oc-2f7">
         <name>.debug_line</name>
         <load_address>0x19f4</load_address>
         <run_address>0x19f4</run_address>
         <size>0x37</size>
         <input_file_ref idref="fl-c6"/>
      </object_component>
      <object_component id="oc-51">
         <name>.debug_line</name>
         <load_address>0x1a2b</load_address>
         <run_address>0x1a2b</run_address>
         <size>0x88</size>
         <input_file_ref idref="fl-c7"/>
      </object_component>
      <object_component id="oc-29b">
         <name>.debug_line</name>
         <load_address>0x1ab3</load_address>
         <run_address>0x1ab3</run_address>
         <size>0xbf</size>
         <input_file_ref idref="fl-c9"/>
      </object_component>
      <object_component id="oc-11d">
         <name>.debug_line</name>
         <load_address>0x1b72</load_address>
         <run_address>0x1b72</run_address>
         <size>0x6f</size>
         <input_file_ref idref="fl-c9"/>
      </object_component>
      <object_component id="oc-29f">
         <name>.debug_line</name>
         <load_address>0x1be1</load_address>
         <run_address>0x1be1</run_address>
         <size>0x2e</size>
         <input_file_ref idref="fl-c9"/>
      </object_component>
      <object_component id="oc-303">
         <name>.debug_line</name>
         <load_address>0x1c0f</load_address>
         <run_address>0x1c0f</run_address>
         <size>0x9a</size>
         <input_file_ref idref="fl-c9"/>
      </object_component>
      <object_component id="oc-2a4">
         <name>.debug_line</name>
         <load_address>0x1ca9</load_address>
         <run_address>0x1ca9</run_address>
         <size>0x97</size>
         <input_file_ref idref="fl-c9"/>
      </object_component>
      <object_component id="oc-2a9">
         <name>.debug_line</name>
         <load_address>0x1d40</load_address>
         <run_address>0x1d40</run_address>
         <size>0x93</size>
         <input_file_ref idref="fl-c9"/>
      </object_component>
      <object_component id="oc-ae">
         <name>.debug_line</name>
         <load_address>0x1dd3</load_address>
         <run_address>0x1dd3</run_address>
         <size>0x40</size>
         <input_file_ref idref="fl-ca"/>
      </object_component>
      <object_component id="oc-114">
         <name>.debug_line</name>
         <load_address>0x1e13</load_address>
         <run_address>0x1e13</run_address>
         <size>0x3c</size>
         <input_file_ref idref="fl-cc"/>
      </object_component>
      <object_component id="oc-2fc">
         <name>.debug_line</name>
         <load_address>0x1e4f</load_address>
         <run_address>0x1e4f</run_address>
         <size>0xde</size>
         <input_file_ref idref="fl-cf"/>
      </object_component>
      <object_component id="oc-253">
         <name>.debug_line</name>
         <load_address>0x1f2d</load_address>
         <run_address>0x1f2d</run_address>
         <size>0xa7</size>
         <input_file_ref idref="fl-cf"/>
      </object_component>
      <object_component id="oc-259">
         <name>.debug_line</name>
         <load_address>0x1fd4</load_address>
         <run_address>0x1fd4</run_address>
         <size>0x91</size>
         <input_file_ref idref="fl-cf"/>
      </object_component>
      <object_component id="oc-241">
         <name>.debug_line</name>
         <load_address>0x2065</load_address>
         <run_address>0x2065</run_address>
         <size>0x91</size>
         <input_file_ref idref="fl-cf"/>
      </object_component>
      <object_component id="oc-1ac">
         <name>.debug_line</name>
         <load_address>0x20f6</load_address>
         <run_address>0x20f6</run_address>
         <size>0x9c</size>
         <input_file_ref idref="fl-cf"/>
      </object_component>
      <object_component id="oc-24d">
         <name>.debug_line</name>
         <load_address>0x2192</load_address>
         <run_address>0x2192</run_address>
         <size>0xa4</size>
         <input_file_ref idref="fl-cf"/>
      </object_component>
      <object_component id="oc-247">
         <name>.debug_line</name>
         <load_address>0x2236</load_address>
         <run_address>0x2236</run_address>
         <size>0x91</size>
         <input_file_ref idref="fl-cf"/>
      </object_component>
      <object_component id="oc-1a6">
         <name>.debug_line</name>
         <load_address>0x22c7</load_address>
         <run_address>0x22c7</run_address>
         <size>0x91</size>
         <input_file_ref idref="fl-cf"/>
      </object_component>
      <object_component id="oc-19f">
         <name>.debug_line</name>
         <load_address>0x2358</load_address>
         <run_address>0x2358</run_address>
         <size>0x69</size>
         <input_file_ref idref="fl-cf"/>
      </object_component>
      <object_component id="oc-30f">
         <name>.debug_line</name>
         <load_address>0x23c1</load_address>
         <run_address>0x23c1</run_address>
         <size>0x82</size>
         <input_file_ref idref="fl-d0"/>
      </object_component>
      <object_component id="oc-30d">
         <name>.debug_line</name>
         <load_address>0x2443</load_address>
         <run_address>0x2443</run_address>
         <size>0x7d</size>
         <input_file_ref idref="fl-d0"/>
      </object_component>
      <object_component id="oc-2b7">
         <name>.debug_line</name>
         <load_address>0x24c0</load_address>
         <run_address>0x24c0</run_address>
         <size>0x95</size>
         <input_file_ref idref="fl-d0"/>
      </object_component>
      <object_component id="oc-2bd">
         <name>.debug_line</name>
         <load_address>0x2555</load_address>
         <run_address>0x2555</run_address>
         <size>0xd1</size>
         <input_file_ref idref="fl-d0"/>
      </object_component>
      <object_component id="oc-1f0">
         <name>.debug_line</name>
         <load_address>0x2626</load_address>
         <run_address>0x2626</run_address>
         <size>0x93</size>
         <input_file_ref idref="fl-d0"/>
      </object_component>
      <object_component id="oc-23b">
         <name>.debug_line</name>
         <load_address>0x26b9</load_address>
         <run_address>0x26b9</run_address>
         <size>0x93</size>
         <input_file_ref idref="fl-d0"/>
      </object_component>
      <object_component id="oc-1ea">
         <name>.debug_line</name>
         <load_address>0x274c</load_address>
         <run_address>0x274c</run_address>
         <size>0xa7</size>
         <input_file_ref idref="fl-d0"/>
      </object_component>
      <object_component id="oc-2e5">
         <name>.debug_line</name>
         <load_address>0x27f3</load_address>
         <run_address>0x27f3</run_address>
         <size>0x13d</size>
         <input_file_ref idref="fl-d2"/>
      </object_component>
      <object_component id="oc-284">
         <name>.debug_line</name>
         <load_address>0x2930</load_address>
         <run_address>0x2930</run_address>
         <size>0x7f</size>
         <input_file_ref idref="fl-d2"/>
      </object_component>
      <object_component id="oc-234">
         <name>.debug_line</name>
         <load_address>0x29af</load_address>
         <run_address>0x29af</run_address>
         <size>0x94</size>
         <input_file_ref idref="fl-d2"/>
      </object_component>
      <object_component id="oc-1e4">
         <name>.debug_line</name>
[...]
            <object_component_ref idref="oc-70"/>
            <object_component_ref idref="oc-2f6"/>
            <object_component_ref idref="oc-4f"/>
            <object_component_ref idref="oc-120"/>
            <object_component_ref idref="oc-ad"/>
            <object_component_ref idref="oc-113"/>
            <object_component_ref idref="oc-287"/>
            <object_component_ref idref="oc-252"/>
            <object_component_ref idref="oc-258"/>
            <object_component_ref idref="oc-240"/>
            <object_component_ref idref="oc-1ab"/>
            <object_component_ref idref="oc-24c"/>
            <object_component_ref idref="oc-246"/>
            <object_component_ref idref="oc-1a5"/>
            <object_component_ref idref="oc-2b0"/>
            <object_component_ref idref="oc-2b6"/>
            <object_component_ref idref="oc-2bc"/>
            <object_component_ref idref="oc-1ef"/>
            <object_component_ref idref="oc-23a"/>
            <object_component_ref idref="oc-1e9"/>
            <object_component_ref idref="oc-19a"/>
            <object_component_ref idref="oc-233"/>
            <object_component_ref idref="oc-1e3"/>
            <object_component_ref idref="oc-165"/>
            <object_component_ref idref="oc-f3"/>
            <object_component_ref idref="oc-1f6"/>
         </contents>
      </logical_group>
      <logical_group id="lg-33d" display="never" color="cyan">
         <name>.debug_pubtypes</name>
         <load_address>0x0</load_address>
         <run_address>0x0</run_address>
         <size>0xd0e</size>
         <contents>
            <object_component_ref idref="oc-86"/>
            <object_component_ref idref="oc-49"/>
            <object_component_ref idref="oc-c3"/>
            <object_component_ref idref="oc-8b"/>
            <object_component_ref idref="oc-26d"/>
            <object_component_ref idref="oc-17e"/>
            <object_component_ref idref="oc-1bc"/>
            <object_component_ref idref="oc-10b"/>
            <object_component_ref idref="oc-9f"/>
            <object_component_ref idref="oc-d0"/>
            <object_component_ref idref="oc-54"/>
            <object_component_ref idref="oc-97"/>
            <object_component_ref idref="oc-44"/>
            <object_component_ref idref="oc-c9"/>
            <object_component_ref idref="oc-90"/>
            <object_component_ref idref="oc-29d"/>
            <object_component_ref idref="oc-301"/>
            <object_component_ref idref="oc-2a2"/>
            <object_component_ref idref="oc-2a7"/>
            <object_component_ref idref="oc-19d"/>
            <object_component_ref idref="oc-2e7"/>
         </contents>
      </logical_group>
      <logical_group id="lg-34b" display="no" color="cyan">
         <name>Veneer$$CMSE</name>
         <run_address>0x0</run_address>
         <size>0x0</size>
         <contents>
         </contents>
      </logical_group>
      <load_segment id="lg-354" display="no" color="cyan">
         <name>SEGMENT_0</name>
         <load_address>0x0</load_address>
         <run_address>0x0</run_address>
         <size>0x1c98</size>
         <flags>0x5</flags>
         <contents>
            <logical_group_ref idref="lg-3"/>
            <logical_group_ref idref="lg-4"/>
            <logical_group_ref idref="lg-5"/>
            <logical_group_ref idref="lg-6"/>
         </contents>
      </load_segment>
      <load_segment id="lg-355" display="no" color="cyan">
         <name>SEGMENT_1</name>
         <run_address>0x20000000</run_address>
         <size>0x21d</size>
         <flags>0x6</flags>
         <contents>
            <logical_group_ref idref="lg-d"/>
            <logical_group_ref idref="lg-a"/>
            <logical_group_ref idref="lg-b"/>
         </contents>
      </load_segment>
   </logical_group_list>
   <placement_map>
      <memory_area display="yes" color="green">
         <name>FLASH</name>
         <page_id>0x0</page_id>
         <origin>0x0</origin>
         <length>0x40000</length>
         <used_space>0x1c90</used_space>
         <unused_space>0x3e370</unused_space>
         <attributes>RX</attributes>
         <usage_details>
            <allocated_space>
               <start_address>0x0</start_address>
               <size>0x26c</size>
               <logical_group_ref idref="lg-3"/>
            </allocated_space>
            <allocated_space>
               <start_address>0x26c</start_address>
               <size>0x1352</size>
               <logical_group_ref idref="lg-4"/>
            </allocated_space>
            <available_space>
               <start_address>0x15be</start_address>
               <size>0x2</size>
            </available_space>
            <allocated_space>
               <start_address>0x15c0</start_address>
               <size>0x69a</size>
               <logical_group_ref idref="lg-5"/>
            </allocated_space>
            <available_space>
               <start_address>0x1c5a</start_address>
               <size>0x6</size>
            </available_space>
            <allocated_space>
               <start_address>0x1c60</start_address>
               <size>0x38</size>
               <logical_group_ref idref="lg-6"/>
            </allocated_space>
            <available_space>
               <start_address>0x1c98</start_address>
               <size>0x3e368</size>
            </available_space>
         </usage_details>
      </memory_area>
      <memory_area display="yes" color="green">
         <name>SRAM</name>
         <page_id>0x0</page_id>
         <origin>0x20000000</origin>
         <length>0x8000</length>
         <used_space>0x21d</used_space>
         <unused_space>0x7de3</unused_space>
         <attributes>RWX</attributes>
         <usage_details>
            <allocated_space>
               <start_address>0x20000000</start_address>
               <size>0x0</size>
               <logical_group_ref idref="lg-320"/>
            </allocated_space>
            <allocated_space>
               <start_address>0x20000000</start_address>
               <size>0x200</size>
               <logical_group_ref idref="lg-d"/>
            </allocated_space>
            <allocated_space>
               <start_address>0x20000200</start_address>
               <size>0x19</size>
               <logical_group_ref idref="lg-a"/>
            </allocated_space>
            <allocated_space>
               <start_address>0x20000219</start_address>
               <size>0x4</size>
               <logical_group_ref idref="lg-b"/>
            </allocated_space>
            <available_space>
               <start_address>0x2000021d</start_address>
               <size>0x7de3</size>
            </available_space>
         </usage_details>
      </memory_area>
   </placement_map>
   <cptbl_list>
      <cptbl>
         <name>__TI_cinit_table</name>
         <cprec>
            <name>.data</name>
            <load_address>0x1c60</load_address>
            <load_size>0x13</load_size>
            <run_address>0x20000200</run_address>
            <run_size>0x19</run_size>
            <compression>lzss</compression>
         </cprec>
         <cprec>
            <name>.bss</name>
            <load_address>0x1c80</load_address>
            <load_size>0x8</load_size>
            <run_address>0x20000219</run_address>
            <run_size>0x4</run_size>
            <compression>zero_init</compression>
         </cprec>
      </cptbl>
   </cptbl_list>
   <handler_table>
      <handler_table_name>__TI_handler_table</handler_table_name>
      <handler>
         <index>0x0</index>
         <name>__TI_decompress_lzss</name>
      </handler>
      <handler>
         <index>0x1</index>
         <name>__TI_decompress_none</name>
      </handler>
      <handler>
         <index>0x2</index>
         <name>__TI_zero_init</name>
      </handler>
   </handler_table>
   <symbol_table>
      <symbol id="sm-1">
         <name>__STACK_TOP</name>
         <value>0x20000200</value>
      </symbol>
      <symbol id="sm-2">
         <name>__start___llvm_prf_cnts</name>
         <value>0x20000000</value>
      </symbol>
      <symbol id="sm-3">
         <name>__stop___llvm_prf_cnts</name>
         <value>0x20000000</value>
      </symbol>
      <symbol id="sm-4">
         <name>__TI_CINIT_Base</name>
         <value>0x1c88</value>
      </symbol>
      <symbol id="sm-5">
         <name>__TI_CINIT_Limit</name>
         <value>0x1c98</value>
      </symbol>
      <symbol id="sm-6">
         <name>__TI_Handler_Table_Base</name>
         <value>0x1c74</value>
      </symbol>
      <symbol id="sm-7">
         <name>__TI_Handler_Table_Limit</name>
         <value>0x1c80</value>
      </symbol>
      <symbol id="sm-8">
         <name>binit</name>
         <value>0xffffffff</value>
      </symbol>
      <symbol id="sm-9">
         <name>__binit__</name>
         <value>0xffffffff</value>
      </symbol>
      <symbol id="sm-a">
         <name>__STACK_SIZE</name>
         <value>0x200</value>
      </symbol>
      <symbol id="sm-b">
         <name>__STACK_END</name>
         <value>0x20000200</value>
      </symbol>
      <symbol id="sm-c">
         <name>__c_args__</name>
         <value>0xffffffff</value>
      </symbol>
      <symbol id="sm-d">
         <name>__TI_pprof_out_hndl</name>
         <value>0xffffffff</value>
      </symbol>
      <symbol id="sm-e">
         <name>__TI_prof_data_start</name>
         <value>0xffffffff</value>
      </symbol>
      <symbol id="sm-f">
         <name>__TI_prof_data_size</name>
         <value>0xffffffff</value>
      </symbol>
      <symbol id="sm-4a">
         <name>PLL_Init</name>
         <value>0xf15</value>
         <object_component_ref idref="oc-156"/>
      </symbol>
      <symbol id="sm-16d">
         <name>ST7735_InitR</name>
         <value>0xd3d</value>
         <object_component_ref idref="oc-15c"/>
      </symbol>
      <symbol id="sm-16e">
         <name>Delay1ms</name>
         <value>0x1435</value>
         <object_component_ref idref="oc-2cf"/>
      </symbol>
      <symbol id="sm-16f">
         <name>ST7735_Color565</name>
         <value>0x14ed</value>
         <object_component_ref idref="oc-e4"/>
      </symbol>
      <symbol id="sm-170">
         <name>ST7735_DrawCharS</name>
         <value>0xad5</value>
         <object_component_ref idref="oc-ea"/>
      </symbol>
      <symbol id="sm-171">
         <name>ST7735_FillScreen</name>
         <value>0x13ed</value>
         <object_component_ref idref="oc-f7"/>
      </symbol>
      <symbol id="sm-172">
         <name>ST7735_SetCursor</name>
         <value>0x1499</value>
         <object_component_ref idref="oc-218"/>
      </symbol>
      <symbol id="sm-173">
         <name>StTextColor</name>
         <value>0x20000208</value>
         <object_component_ref idref="oc-194"/>
      </symbol>
      <symbol id="sm-174">
         <name>ST7735_DrawPixel</name>
         <value>0x1271</value>
         <object_component_ref idref="oc-18b"/>
      </symbol>
      <symbol id="sm-175">
         <name>StY</name>
         <value>0x20000204</value>
         <object_component_ref idref="oc-194"/>
      </symbol>
      <symbol id="sm-176">
         <name>StX</name>
         <value>0x20000200</value>
         <object_component_ref idref="oc-194"/>
      </symbol>
      <symbol id="sm-177">
         <name>lastj</name>
         <value>0x20000210</value>
         <object_component_ref idref="oc-194"/>
      </symbol>
      <symbol id="sm-178">
         <name>ST7735_DrawBitmap</name>
         <value>0x8e1</value>
         <object_component_ref idref="oc-1af"/>
      </symbol>
      <symbol id="sm-179">
         <name>ST7735_FillRect</name>
         <value>0xcbd</value>
         <object_component_ref idref="oc-185"/>
      </symbol>
      <symbol id="sm-1e3">
         <name>initialiaseSys</name>
         <value>0xc25</value>
         <object_component_ref idref="oc-d8"/>
      </symbol>
      <symbol id="sm-1e4">
         <name>initialisePortsAndGpios</name>
         <value>0x1391</value>
         <object_component_ref idref="oc-168"/>
      </symbol>
      <symbol id="sm-1e5">
         <name>initialiseADC</name>
         <value>0xe35</value>
         <object_component_ref idref="oc-16e"/>
      </symbol>
      <symbol id="sm-1e6">
         <name>main</name>
         <value>0x7dd</value>
         <object_component_ref idref="oc-b0"/>
      </symbol>
      <symbol id="sm-1e7">
         <name>ConfigureUART</name>
         <value>0x1151</value>
         <object_component_ref idref="oc-150"/>
      </symbol>
      <symbol id="sm-1e8">
         <name>brick</name>
         <value>0x1c50</value>
         <object_component_ref idref="oc-1b5"/>
      </symbol>
      <symbol id="sm-1e9">
         <name>drawWalls</name>
         <value>0xfe5</value>
         <object_component_ref idref="oc-103"/>
      </symbol>
      <symbol id="sm-1ea">
         <name>getMappedADCValue</name>
         <value>0x1459</value>
         <object_component_ref idref="oc-fd"/>
      </symbol>
      <symbol id="sm-21b">
         <name>ResetISR</name>
         <value>0x15a5</value>
         <object_component_ref idref="oc-27"/>
      </symbol>
      <symbol id="sm-21c">
         <name>g_pfnVectors</name>
         <value>0x0</value>
         <object_component_ref idref="oc-12"/>
      </symbol>
      <symbol id="sm-28a">
         <name>UARTStdioConfig</name>
         <value>0x104d</value>
         <object_component_ref idref="oc-1f8"/>
      </symbol>
      <symbol id="sm-28b">
         <name>UARTwrite</name>
         <value>0x11e5</value>
         <object_component_ref idref="oc-25c"/>
      </symbol>
      <symbol id="sm-28c">
         <name>UARTprintf</name>
         <value>0x1507</value>
         <object_component_ref idref="oc-de"/>
      </symbol>
      <symbol id="sm-28d">
         <name>UARTvprintf</name>
         <value>0x26d</value>
         <object_component_ref idref="oc-175"/>
      </symbol>
      <symbol id="sm-29c">
         <name>__aeabi_uidivmod</name>
         <value>0x12b1</value>
         <object_component_ref idref="oc-262"/>
      </symbol>
      <symbol id="sm-29d">
         <name>__aeabi_uidiv</name>
         <value>0x12b1</value>
         <object_component_ref idref="oc-262"/>
      </symbol>
      <symbol id="sm-2b6">
         <name>__TI_zero_init_nomemset</name>
         <value>0x14b5</value>
         <object_component_ref idref="oc-59"/>
      </symbol>
      <symbol id="sm-2cd">
         <name>__TI_decompress_none</name>
         <value>0x158b</value>
         <object_component_ref idref="oc-1b"/>
      </symbol>
      <symbol id="sm-2f0">
         <name>__TI_decompress_lzss</name>
         <value>0xf7d</value>
         <object_component_ref idref="oc-15"/>
      </symbol>
      <symbol id="sm-303">
         <name>__stack</name>
         <value>0x20000000</value>
         <object_component_ref idref="oc-24"/>
      </symbol>
      <symbol id="sm-304">
         <name>_c_int00_noargs</name>
         <value>0x135d</value>
         <object_component_ref idref="oc-6b"/>
      </symbol>
      <symbol id="sm-30e">
         <name>__aeabi_idiv0</name>
         <value>0xe33</value>
         <object_component_ref idref="oc-2f3"/>
      </symbol>
      <symbol id="sm-30f">
         <name>__aeabi_ldiv0</name>
         <value>0xe33</value>
         <object_component_ref idref="oc-2f3"/>
      </symbol>
      <symbol id="sm-32a">
         <name>memcpy</name>
         <value>0xb89</value>
         <object_component_ref idref="oc-4d"/>
      </symbol>
      <symbol id="sm-32b">
         <name>__aeabi_memcpy</name>
         <value>0xb89</value>
         <object_component_ref idref="oc-4d"/>
      </symbol>
      <symbol id="sm-32c">
         <name>__aeabi_memcpy8</name>
         <value>0xb89</value>
         <object_component_ref idref="oc-4d"/>
      </symbol>
      <symbol id="sm-32d">
         <name>__aeabi_memcpy4</name>
         <value>0xb89</value>
         <object_component_ref idref="oc-4d"/>
      </symbol>
      <symbol id="sm-356">
         <name>__TI_auto_init_nobinit_nopinit</name>
         <value>0x122d</value>
         <object_component_ref idref="oc-11c"/>
      </symbol>
      <symbol id="sm-360">
         <name>_system_pre_init</name>
         <value>0x15b7</value>
         <object_component_ref idref="oc-aa"/>
      </symbol>
      <symbol id="sm-36c">
         <name>C$$EXIT</name>
         <value>0x15bb</value>
         <object_component_ref idref="oc-110"/>
      </symbol>
      <symbol id="sm-36d">
         <name>abort</name>
         <value>0x15bb</value>
         <object_component_ref idref="oc-110"/>
      </symbol>
      <symbol id="sm-3b8">
         <name>ADCProcessorTrigger</name>
         <value>0x1521</value>
         <object_component_ref idref="oc-1a2"/>
      </symbol>
      <symbol id="sm-3b9">
         <name>ADCSequenceEnable</name>
         <value>0x157d</value>
         <object_component_ref idref="oc-255"/>
      </symbol>
      <symbol id="sm-3ba">
         <name>ADCSequenceConfigure</name>
         <value>0x1101</value>
         <object_component_ref idref="oc-249"/>
      </symbol>
      <symbol id="sm-3bb">
         <name>ADCReferenceSet</name>
         <value>0x1599</value>
         <object_component_ref idref="oc-243"/>
      </symbol>
      <symbol id="sm-3bc">
         <name>ADCSequenceStepConfigure</name>
         <value>0xdb9</value>
         <object_component_ref idref="oc-24f"/>
      </symbol>
      <symbol id="sm-3bd">
         <name>ADCSequenceDisable</name>
         <value>0x156f</value>
         <object_component_ref idref="oc-23d"/>
      </symbol>
      <symbol id="sm-3be">
         <name>ADCSequenceDataGet</name>
         <value>0x1479</value>
         <object_component_ref idref="oc-1a8"/>
      </symbol>
      <symbol id="sm-3f8">
         <name>GPIOPinConfigure</name>
         <value>0x119d</value>
         <object_component_ref idref="oc-1e6"/>
      </symbol>
      <symbol id="sm-3f9">
         <name>GPIOPinTypeADC</name>
         <value>0x1539</value>
         <object_component_ref idref="oc-237"/>
      </symbol>
      <symbol id="sm-3fa">
         <name>GPIOPinTypeUART</name>
         <value>0x154b</value>
         <object_component_ref idref="oc-1ec"/>
      </symbol>
      <symbol id="sm-3fb">
         <name>GPIODirModeSet</name>
         <value>0x13c1</value>
         <object_component_ref idref="oc-2b3"/>
      </symbol>
      <symbol id="sm-3fc">
         <name>GPIOPadConfigSet</name>
         <value>0x599</value>
         <object_component_ref idref="oc-2b9"/>
      </symbol>
      <symbol id="sm-45a">
         <name>SysCtlClockSet</name>
         <value>0x9e1</value>
         <object_component_ref idref="oc-162"/>
      </symbol>
      <symbol id="sm-45b">
         <name>SysCtlDelay</name>
         <value>0x15ab</value>
         <object_component_ref idref="oc-f6"/>
      </symbol>
      <symbol id="sm-45c">
         <name>SysCtlPeripheralEnable</name>
         <value>0x1329</value>
         <object_component_ref idref="oc-1e0"/>
      </symbol>
      <symbol id="sm-45d">
         <name>SysCtlClockGet</name>
         <value>0x6cd</value>
         <object_component_ref idref="oc-f0"/>
      </symbol>
      <symbol id="sm-45e">
         <name>SysCtlPeripheralReady</name>
         <value>0x12f1</value>
         <object_component_ref idref="oc-230"/>
      </symbol>
      <symbol id="sm-46b">
         <name>UARTClockSourceSet</name>
         <value>0x15b1</value>
         <object_component_ref idref="oc-1f2"/>
      </symbol>
      <symbol id="sm-46d">
         <name>__TI_static_base__</name>
         <value>0x0</value>
      </symbol>
      <symbol id="sm-470">
         <name>__mpu_init</name>
         <value>0x0</value>
      </symbol>
      <symbol id="sm-471">
         <name>_system_post_cinit</name>
         <value>0x0</value>
      </symbol>
   </symbol_table>
   <title>Link successful</title>
</link_info>
