******************************************************************************
                  TI ARM Linker PC v20.2.5                     
******************************************************************************
>> Linked Mon Nov 29 16:18:06 2021

OUTPUT FILE NAME:   <TIVA_random_start_ball.out>
ENTRY POINT SYMBOL: "_c_int00_noargs"  address: 00002ab5


MEMORY CONFIGURATION

         name            origin    length      used     unused   attr    fill
----------------------  --------  ---------  --------  --------  ----  --------
  FLASH                 00000000   00040000  000031b8  0003ce48  R  X
  SRAM                  20000000   00008000  00000230  00007dd0  RW X


SEGMENT ALLOCATION MAP

run origin  load origin   length   init length attrs members
----------  ----------- ---------- ----------- ----- -------
00000000    00000000    000031c0   000031c0    r-x
  00000000    00000000    0000026c   0000026c    r-- .intvecs
  0000026c    0000026c    00002b62   00002b62    r-x .text
  00002dd0    00002dd0    000003aa   000003aa    r-- .const
  00003180    00003180    00000040   00000040    r-- .cinit
20000000    20000000    00000230   00000000    rw-
  20000000    20000000    00000200   00000000    rw- .stack
  20000200    20000200    0000002c   00000000    rw- .data
  2000022c    2000022c    00000004   00000000    rw- .bss


SECTION ALLOCATION MAP

 output                                  attributes/
section   page    origin      length       input sections
--------  ----  ----------  ----------   ----------------
.intvecs   0    00000000    0000026c     
                  00000000    0000026c     startup_ccs.obj (.intvecs)

.text      0    0000026c    00002b62     
                  0000026c    00000738     rtsv7M4_T_le_v4SPD16_eabi.lib : k_rem_pio2.c.obj (.text:__kernel_rem_pio2)
                  000009a4    00000508                                   : s_tan.c.obj (.text:tan)
                  00000eac    0000031c                                   : k_tan.c.obj (.text:__kernel_tan)
                  000011c8    0000026c     main.obj (.text:main)
                  00001434    000001ee     uartstdio.obj (.text:UARTvprintf)
                  00001622    000001b6     rtsv7M4_T_le_v4SPD16_eabi.lib : fd_add_t2.asm.obj (.text)
                  000017d8    0000013c     ST7735.obj (.text:commonInit)
                  00001914    00000136     rtsv7M4_T_le_v4SPD16_eabi.lib : fd_div_t2.asm.obj (.text)
                  00001a4a    00000132     driverlib.lib : gpio.obj (.text:GPIOPadConfigSet)
                  00001b7c    00000110                   : sysctl.obj (.text:SysCtlClockGet)
                  00001c8c    00000110     rtsv7M4_T_le_v4SPD16_eabi.lib : s_scalbn.c.obj (.text:scalbn)
                  00001d9c    00000100     ST7735.obj (.text:ST7735_DrawBitmap)
                  00001e9c    000000fc     rtsv7M4_T_le_v4SPD16_eabi.lib : fd_mul_t2.asm.obj (.text)
                  00001f98    000000f8                                   : s_floor.c.obj (.text:floor)
                  00002090    000000f4     driverlib.lib : sysctl.obj (.text:SysCtlClockSet)
                  00002184    0000009c     rtsv7M4_T_le_v4SPD16_eabi.lib : memcpy_t2.asm.obj (.text)
                  00002220    0000008c     main.obj (.text:initialiseADC)
                  000022ac    00000086     rtsv7M4_T_le_v4SPD16_eabi.lib : fd_cmp_t2.asm.obj (.text:__aeabi_cdcmple)
                  00002332    00000086                                   : fd_cmp_t2.asm.obj (.text:__aeabi_cdrcmple)
                  000023b8    00000080     ST7735.obj (.text:ST7735_FillRect)
                  00002438    0000007c     ST7735.obj (.text:ST7735_InitR)
                  000024b4    0000007a     driverlib.lib : adc.obj (.text:ADCSequenceStepConfigure)
                  0000252e    0000007a     rtsv7M4_T_le_v4SPD16_eabi.lib : memset_t2.asm.obj (.text)
                  000025a8    0000006c     ST7735.obj (.text:setAddrWindow)
                  00002614    00000068     PLL.obj (.text:PLL_Init)
                  0000267c    00000068     rtsv7M4_T_le_v4SPD16_eabi.lib : copy_decompress_lzss.c.obj (.text:decompress:lzss:__TI_decompress_lzss)
                  000026e4    00000068     main.obj (.text:drawWalls)
                  0000274c    00000060     uartstdio.obj (.text:UARTStdioConfig)
                  000027ac    00000054     ST7735.obj (.text:commandList)
                  00002800    00000050     driverlib.lib : adc.obj (.text:ADCSequenceConfigure)
                  00002850    00000050     main.obj (.text:initialiaseSys)
                  000028a0    0000004c     main.obj (.text:ConfigureUART)
                  000028ec    00000048     driverlib.lib : gpio.obj (.text:GPIOPinConfigure)
                  00002934    00000048     uartstdio.obj (.text:UARTwrite)
                  0000297c    00000048     rtsv7M4_T_le_v4SPD16_eabi.lib : fd_toi_t2.asm.obj (.text)
                  000029c4    00000044                                   : autoinit.c.obj (.text:__TI_auto_init_nobinit_nopinit:__TI_auto_init_nobinit_nopinit)
                  00002a08    00000040                                   : u_divt2.asm.obj (.text)
                  00002a48    00000038     driverlib.lib : sysctl.obj (.text:SysCtlPeripheralReady)
                  00002a80    00000034                   : sysctl.obj (.text:SysCtlPeripheralEnable)
                  00002ab4    00000034     rtsv7M4_T_le_v4SPD16_eabi.lib : boot_cortex_m.c.obj (.text:_c_int00_noargs:_c_int00_noargs)
                  00002ae8    00000034                                   : rand.c.obj (.text:rand)
                  00002b1c    00000030     main.obj (.text:initialisePortsAndGpios)
                  00002b4c    0000002e     rtsv7M4_T_le_v4SPD16_eabi.lib : i_tofd_t2.asm.obj (.text)
                  00002b7a    0000002a     driverlib.lib : gpio.obj (.text:GPIODirModeSet)
                  00002ba4    00000024     ST7735.obj (.text:ST7735_FillScreen)
                  00002bc8    00000024     rtsv7M4_T_le_v4SPD16_eabi.lib : rand.c.obj (.text:srand)
                  00002bec    00000024     ST7735.obj (.text:writecommand)
                  00002c10    00000022     ST7735.obj (.text:Delay1ms)
                  00002c32    00000002     startup_ccs.obj (.text:FaultISR)
                  00002c34    00000020     main.obj (.text:getMappedADCValue)
                  00002c54    00000020     rtsv7M4_T_le_v4SPD16_eabi.lib : u_tofd_t2.asm.obj (.text)
                  00002c74    0000001e     driverlib.lib : adc.obj (.text:ADCSequenceDataGet)
                  00002c92    00000002     startup_ccs.obj (.text:IntDefaultHandler)
                  00002c94    0000001c     ST7735.obj (.text:ST7735_SetCursor)
                  00002cb0    0000001c     rtsv7M4_T_le_v4SPD16_eabi.lib : copy_zero_init.c.obj (.text:decompress:ZI:__TI_zero_init_nomemset:__TI_zero_init_nomemset)
                  00002ccc    0000001c     ST7735.obj (.text:writedata)
                  00002ce8    0000001a     uartstdio.obj (.text:UARTprintf)
                  00002d02    0000001a     rtsv7M4_T_le_v4SPD16_eabi.lib : s_copysign.c.obj (.text:copysign)
                  00002d1c    00000018     driverlib.lib : adc.obj (.text:ADCProcessorTrigger)
                  00002d34    00000018     main.obj (.text:drawBallAtPos)
                  00002d4c    00000012     driverlib.lib : gpio.obj (.text:GPIOPinTypeADC)
                  00002d5e    00000012                   : gpio.obj (.text:GPIOPinTypeUART)
                  00002d70    0000000e                   : adc.obj (.text:ADCSequenceDisable)
                  00002d7e    0000000e                   : adc.obj (.text:ADCSequenceEnable)
                  00002d8c    0000000e     rtsv7M4_T_le_v4SPD16_eabi.lib : copy_decompress_none.c.obj (.text:decompress:none:__TI_decompress_none)
                  00002d9a    0000000c     driverlib.lib : adc.obj (.text:ADCReferenceSet)
                  00002da6    00000002     startup_ccs.obj (.text:NmiSR)
                  00002da8    00000008     rtsv7M4_T_le_v4SPD16_eabi.lib : errno.c.obj (.text:__aeabi_errno_addr)
                  00002db0    00000006     startup_ccs.obj (.text:ResetISR)
                  00002db6    00000006     driverlib.lib : sysctl.obj (.text:SysCtlDelay)
                  00002dbc    00000006                   : uart.obj (.text:UARTClockSourceSet)
                  00002dc2    00000004     rtsv7M4_T_le_v4SPD16_eabi.lib : pre_init.c.obj (.text:_system_pre_init)
                  00002dc6    00000004                                   : exit.c.obj (.text:abort:abort)
                  00002dca    00000002                                   : _lock.c.obj (.text:_nop)
                  00002dcc    00000002                                   : div0.asm.obj (.text)

.const     0    00002dd0    000003aa     
                  00002dd0    00000158     rtsv7M4_T_le_v4SPD16_eabi.lib : k_rem_pio2.c.obj (.const:$O1$$)
                  00002f28    00000090     driverlib.lib : gpio.obj (.const:g_pui32GPIOBaseAddrs)
                  00002fb8    00000080     rtsv7M4_T_le_v4SPD16_eabi.lib : k_tan.c.obj (.const:xxx)
                  00003038    0000006c     driverlib.lib : sysctl.obj (.const:g_pui32Xtals)
                  000030a4    0000003b     ST7735.obj (.const:.string:Rcmd1)
                  000030df    00000001     --HOLE-- [fill = 0]
                  000030e0    00000032     main.obj (.const:circle_5)
                  00003112    0000002b     ST7735.obj (.const:.string:Rcmd3)
                  0000313d    0000000d     ST7735.obj (.const:.string:Rcmd2green)
                  0000314a    0000000d     ST7735.obj (.const:.string:Rcmd2red)
                  00003157    00000001     --HOLE-- [fill = 0]
                  00003158    0000000c     uartstdio.obj (.const:g_ui32UARTBase)
                  00003164    0000000c     uartstdio.obj (.const:g_ui32UARTPeriph)
                  00003170    0000000a     main.obj (.const:brick)

.cinit     0    00003180    00000040     
                  00003180    0000001c     (.cinit..data.load) [load image, compression = lzss]
                  0000319c    0000000c     (__TI_handler_table)
                  000031a8    00000008     (.cinit..bss.load) [load image, compression = zero_init]
                  000031b0    00000010     (__TI_cinit_table)

.init_array 
*          0    00000000    00000000     UNINITIALIZED

.data      0    20000200    0000002c     UNINITIALIZED
                  20000200    00000014     ST7735.obj (.data)
                  20000214    00000008     rtsv7M4_T_le_v4SPD16_eabi.lib : _lock.c.obj (.data:$O1$$)
                  2000021c    00000005     uartstdio.obj (.data)
                  20000221    00000003     --HOLE--
                  20000224    00000004     rtsv7M4_T_le_v4SPD16_eabi.lib : errno.c.obj (.data)
                  20000228    00000004                                   : rand.c.obj (.data)

.bss       0    2000022c    00000004     UNINITIALIZED
                  2000022c    00000004     ST7735.obj (.bss)

.stack     0    20000000    00000200     UNINITIALIZED
                  20000000    00000004     rtsv7M4_T_le_v4SPD16_eabi.lib : boot_cortex_m.c.obj (.stack)
                  20000004    000001fc     --HOLE--

__llvm_prf_cnts 
*          0    20000000    00000000     UNINITIALIZED

MODULE SUMMARY

       Module                       code    ro data   rw data
       ------                       ----    -------   -------
    .\
       ST7735.obj                   1178    128       24     
       main.obj                     1124    60        0      
       startup_ccs.obj              12      620       0      
       PLL.obj                      104     0         0      
    +--+----------------------------+-------+---------+---------+
       Total:                       2418    808       24     
                                                             
    .\utils\
       uartstdio.obj                688     24        5      
    +--+----------------------------+-------+---------+---------+
       Total:                       688     24        5      
                                                             
    C:/ti/tivaware_c_series_2_1_4_178/driverlib/ccs/Debug/driverlib.lib
       sysctl.obj                   630     108       0      
       gpio.obj                     456     144       0      
       adc.obj                      296     0         0      
       uart.obj                     6       0         0      
    +--+----------------------------+-------+---------+---------+
       Total:                       1388    252       0      
                                                             
    C:\ti\ccs1040\ccs\tools\compiler\ti-cgt-arm_20.2.5.LTS\lib\rtsv7M4_T_le_v4SPD16_eabi.lib
       k_rem_pio2.c.obj             1848    344       0      
       s_tan.c.obj                  1288    0         0      
       k_tan.c.obj                  796     128       0      
       fd_add_t2.asm.obj            438     0         0      
       fd_div_t2.asm.obj            310     0         0      
       s_scalbn.c.obj               272     0         0      
       fd_cmp_t2.asm.obj            268     0         0      
       fd_mul_t2.asm.obj            252     0         0      
       s_floor.c.obj                248     0         0      
       memcpy_t2.asm.obj            156     0         0      
       memset_t2.asm.obj            122     0         0      
       copy_decompress_lzss.c.obj   104     0         0      
       rand.c.obj                   88      0         4      
       fd_toi_t2.asm.obj            72      0         0      
       autoinit.c.obj               68      0         0      
       u_divt2.asm.obj              64      0         0      
       boot_cortex_m.c.obj          52      0         0      
       i_tofd_t2.asm.obj            46      0         0      
       u_tofd_t2.asm.obj            32      0         0      
       copy_zero_init.c.obj         28      0         0      
       s_copysign.c.obj             26      0         0      
       copy_decompress_none.c.obj   14      0         0      
       errno.c.obj                  8       0         4      
       _lock.c.obj                  2       0         8      
       exit.c.obj                   4       0         0      
       pre_init.c.obj               4       0         0      
       div0.asm.obj                 2       0         0      
    +--+----------------------------+-------+---------+---------+
       Total:                       6612    472       16     
                                                             
       Stack:                       0       0         512    
       Linker Generated:            0       64        0      
    +--+----------------------------+-------+---------+---------+
       Grand Total:                 11106   1620      557    


LINKER GENERATED COPY TABLES

__TI_cinit_table @ 000031b0 records: 2, size/record: 8, table size: 16
	.data: load addr=00003180, load size=0000001c bytes, run addr=20000200, run size=0000002c bytes, compression=lzss
	.bss: load addr=000031a8, load size=00000008 bytes, run addr=2000022c, run size=00000004 bytes, compression=zero_init


LINKER GENERATED HANDLER TABLE

__TI_handler_table @ 0000319c records: 3, size/record: 4, table size: 12
	index: 0, handler: __TI_decompress_lzss
	index: 1, handler: __TI_decompress_none
	index: 2, handler: __TI_zero_init


GLOBAL SYMBOLS: SORTED ALPHABETICALLY BY Name 

address   name                          
-------   ----                          
00002d1d  ADCProcessorTrigger           
00002d9b  ADCReferenceSet               
00002801  ADCSequenceConfigure          
00002c75  ADCSequenceDataGet            
00002d71  ADCSequenceDisable            
00002d7f  ADCSequenceEnable             
000024b5  ADCSequenceStepConfigure      
00002dc7  C$$EXIT                       
000028a1  ConfigureUART                 
00002c11  Delay1ms                      
00002b7b  GPIODirModeSet                
00001a4b  GPIOPadConfigSet              
000028ed  GPIOPinConfigure              
00002d4d  GPIOPinTypeADC                
00002d5f  GPIOPinTypeUART               
00002615  PLL_Init                      
00002db1  ResetISR                      
00001d9d  ST7735_DrawBitmap             
000023b9  ST7735_FillRect               
00002ba5  ST7735_FillScreen             
00002439  ST7735_InitR                  
00002c95  ST7735_SetCursor              
20000208  StTextColor                   
20000200  StX                           
20000204  StY                           
00001b7d  SysCtlClockGet                
00002091  SysCtlClockSet                
00002db7  SysCtlDelay                   
00002a81  SysCtlPeripheralEnable        
00002a49  SysCtlPeripheralReady         
00002dbd  UARTClockSourceSet            
0000274d  UARTStdioConfig               
00002ce9  UARTprintf                    
00001435  UARTvprintf                   
00002935  UARTwrite                     
20000200  __STACK_END                   
00000200  __STACK_SIZE                  
20000200  __STACK_TOP                   
000031b0  __TI_CINIT_Base               
000031c0  __TI_CINIT_Limit              
0000319c  __TI_Handler_Table_Base       
000031a8  __TI_Handler_Table_Limit      
000029c5  __TI_auto_init_nobinit_nopinit
0000267d  __TI_decompress_lzss          
00002d8d  __TI_decompress_none          
ffffffff  __TI_pprof_out_hndl           
ffffffff  __TI_prof_data_size           
ffffffff  __TI_prof_data_start          
00000000  __TI_static_base__            
00002cb1  __TI_zero_init_nomemset       
000022ad  __aeabi_cdcmpeq               
000022ad  __aeabi_cdcmple               
00002333  __aeabi_cdrcmple              
0000297d  __aeabi_d2iz                  
0000162d  __aeabi_dadd                  
00001915  __aeabi_ddiv                  
00001e9d  __aeabi_dmul                  
00001623  __aeabi_dsub                  
00002da9  __aeabi_errno_addr            
00002b4d  __aeabi_i2d                   
00002dcd  __aeabi_idiv0                 
00002dcd  __aeabi_ldiv0                 
0000252f  __aeabi_memclr                
0000252f  __aeabi_memclr4               
0000252f  __aeabi_memclr8               
00002185  __aeabi_memcpy                
00002185  __aeabi_memcpy4               
00002185  __aeabi_memcpy8               
00002531  __aeabi_memset                
00002531  __aeabi_memset4               
00002531  __aeabi_memset8               
00002c55  __aeabi_ui2d                  
00002a09  __aeabi_uidiv                 
00002a09  __aeabi_uidivmod              
ffffffff  __binit__                     
ffffffff  __c_args__                    
0000026d  __kernel_rem_pio2             
00000ead  __kernel_tan                  
UNDEFED   __mpu_init                    
20000000  __stack                       
20000000  __start___llvm_prf_cnts       
20000000  __stop___llvm_prf_cnts        
00002ab5  _c_int00_noargs               
20000214  _lock                         
00002dcb  _nop                          
UNDEFED   _system_post_cinit            
00002dc3  _system_pre_init              
20000218  _unlock                       
00002dc7  abort                         
ffffffff  binit                         
00003170  brick                         
000030e0  circle_5                      
00002d03  copysign                      
00002d03  copysignl                     
00002d35  drawBallAtPos                 
000026e5  drawWalls                     
20000224  errno                         
00001f99  floor                         
00001f99  floorl                        
00000000  g_pfnVectors                  
00002c35  getMappedADCValue             
00002851  initialiaseSys                
00002221  initialiseADC                 
00002b1d  initialisePortsAndGpios       
20000210  lastj                         
00001c8d  ldexp                         
00001c8d  ldexpl                        
000011c9  main                          
00002185  memcpy                        
00002537  memset                        
00002ae9  rand                          
00001c8d  scalbn                        
00001c8d  scalbnl                       
00002bc9  srand                         
000009a5  tan                           
000009a5  tanl                          


GLOBAL SYMBOLS: SORTED BY Symbol Address 

address   name                          
-------   ----                          
00000000  __TI_static_base__            
00000000  g_pfnVectors                  
00000200  __STACK_SIZE                  
0000026d  __kernel_rem_pio2             
000009a5  tan                           
000009a5  tanl                          
00000ead  __kernel_tan                  
000011c9  main                          
00001435  UARTvprintf                   
00001623  __aeabi_dsub                  
0000162d  __aeabi_dadd                  
00001915  __aeabi_ddiv                  
00001a4b  GPIOPadConfigSet              
00001b7d  SysCtlClockGet                
00001c8d  ldexp                         
00001c8d  ldexpl                        
00001c8d  scalbn                        
00001c8d  scalbnl                       
00001d9d  ST7735_DrawBitmap             
00001e9d  __aeabi_dmul                  
00001f99  floor                         
00001f99  floorl                        
00002091  SysCtlClockSet                
00002185  __aeabi_memcpy                
00002185  __aeabi_memcpy4               
00002185  __aeabi_memcpy8               
00002185  memcpy                        
00002221  initialiseADC                 
000022ad  __aeabi_cdcmpeq               
000022ad  __aeabi_cdcmple               
00002333  __aeabi_cdrcmple              
000023b9  ST7735_FillRect               
00002439  ST7735_InitR                  
000024b5  ADCSequenceStepConfigure      
0000252f  __aeabi_memclr                
0000252f  __aeabi_memclr4               
0000252f  __aeabi_memclr8               
00002531  __aeabi_memset                
00002531  __aeabi_memset4               
00002531  __aeabi_memset8               
00002537  memset                        
00002615  PLL_Init                      
0000267d  __TI_decompress_lzss          
000026e5  drawWalls                     
0000274d  UARTStdioConfig               
00002801  ADCSequenceConfigure          
00002851  initialiaseSys                
000028a1  ConfigureUART                 
000028ed  GPIOPinConfigure              
00002935  UARTwrite                     
0000297d  __aeabi_d2iz                  
000029c5  __TI_auto_init_nobinit_nopinit
00002a09  __aeabi_uidiv                 
00002a09  __aeabi_uidivmod              
00002a49  SysCtlPeripheralReady         
00002a81  SysCtlPeripheralEnable        
00002ab5  _c_int00_noargs               
00002ae9  rand                          
00002b1d  initialisePortsAndGpios       
00002b4d  __aeabi_i2d                   
00002b7b  GPIODirModeSet                
00002ba5  ST7735_FillScreen             
00002bc9  srand                         
00002c11  Delay1ms                      
00002c35  getMappedADCValue             
00002c55  __aeabi_ui2d                  
00002c75  ADCSequenceDataGet            
00002c95  ST7735_SetCursor              
00002cb1  __TI_zero_init_nomemset       
00002ce9  UARTprintf                    
00002d03  copysign                      
00002d03  copysignl                     
00002d1d  ADCProcessorTrigger           
00002d35  drawBallAtPos                 
00002d4d  GPIOPinTypeADC                
00002d5f  GPIOPinTypeUART               
00002d71  ADCSequenceDisable            
00002d7f  ADCSequenceEnable             
00002d8d  __TI_decompress_none          
00002d9b  ADCReferenceSet               
00002da9  __aeabi_errno_addr            
00002db1  ResetISR                      
00002db7  SysCtlDelay                   
00002dbd  UARTClockSourceSet            
00002dc3  _system_pre_init              
00002dc7  C$$EXIT                       
00002dc7  abort                         
00002dcb  _nop                          
00002dcd  __aeabi_idiv0                 
00002dcd  __aeabi_ldiv0                 
000030e0  circle_5                      
00003170  brick                         
0000319c  __TI_Handler_Table_Base       
000031a8  __TI_Handler_Table_Limit      
000031b0  __TI_CINIT_Base               
000031c0  __TI_CINIT_Limit              
20000000  __stack                       
20000000  __start___llvm_prf_cnts       
20000000  __stop___llvm_prf_cnts        
20000200  StX                           
20000200  __STACK_END                   
20000200  __STACK_TOP                   
20000204  StY                           
20000208  StTextColor                   
20000210  lastj                         
20000214  _lock                         
20000218  _unlock                       
20000224  errno                         
ffffffff  __TI_pprof_out_hndl           
ffffffff  __TI_prof_data_size           
ffffffff  __TI_prof_data_start          
ffffffff  __binit__                     
ffffffff  __c_args__                    
ffffffff  binit                         
UNDEFED   __mpu_init                    
UNDEFED   _system_post_cinit            

[116 symbols]
